Archive member included because of file (symbol)

../../external/mbed/LPC1768/mbed.ar(DigitalOut.LPC1768.o)
                              ./main.o (vtable for mbed::DigitalOut)
../../external/mbed/LPC1768/mbed.ar(LocalFileSystem.LPC1768.o)
                              ./main.o (vtable for mbed::LocalFileSystem)
../../external/mbed/LPC1768/mbed.ar(Base.LPC1768.o)
                              ./main.o (typeinfo for mbed::Base)
../../external/mbed/LPC1768/mbed.ar(Ticker.LPC1768.o)
                              ./main.o (vtable for mbed::Ticker)
../../external/mbed/LPC1768/mbed.ar(stdio.LPC1768.o)
                              ../../external/mbed/LPC1768/mbed.ar(Base.LPC1768.o) (typeinfo for mbed::FileLike)
../../external/mbed/LPC1768/mbed.ar(SPI.LPC1768.o)
                              ./SDFileSystem/SDFileSystem.o (vtable for mbed::SPI)
../../external/mbed/LPC1768/mbed.ar(FunctionPointer.LPC1768.o)
                              ../../external/mbed/LPC1768/mbed.ar(Ticker.LPC1768.o) (mbed::FunctionPointer::call())
../../external/mbed/LPC1768/mbed.ar(Serial.LPC1768.o)
                              ./main.o (vtable for mbed::Serial)
../../external/mbed/LPC1768/mbed.ar(TimerEvent.LPC1768.o)
                              ../../external/mbed/LPC1768/mbed.ar(Ticker.LPC1768.o) (typeinfo for mbed::TimerEvent)
../../external/mbed/LPC1768/mbed.ar(Stream.LPC1768.o)
                              ../../external/mbed/LPC1768/mbed.ar(Serial.LPC1768.o) (typeinfo for mbed::Stream)
../../external/mbed/LPC1768/capi.ar(cmsis_nvic.LPC1768.o)
                              ../../external/mbed/LPC1768/mbed.ar(Serial.LPC1768.o) (NVIC_SetVector)
../../external/mbed/LPC1768/capi.ar(startup_LPC17xx.LPC1768.o)
                              (Reset_Handler)
../../external/mbed/LPC1768/capi.ar(system_LPC17xx.LPC1768.o)
                              ../../external/mbed/LPC1768/capi.ar(startup_LPC17xx.LPC1768.o) (SystemInit)
../../external/mbed/LPC1768/capi.ar(core_cm3.LPC1768.o)
                              ../../src/syscalls.o (__get_MSP)
../../external/mbed/LPC1768/capi.ar(serial_api.LPC1768.o)
                              ../../external/mbed/LPC1768/mbed.ar(stdio.LPC1768.o) (serial_baud)
../../external/mbed/LPC1768/capi.ar(exit.LPC1768.o)
                              ../../src/gcc4mbed.o (exit)
../../external/mbed/LPC1768/capi.ar(spi_api.LPC1768.o)
                              ../../external/mbed/LPC1768/mbed.ar(SPI.LPC1768.o) (spi_format)
../../external/mbed/LPC1768/capi.ar(pinmap.LPC1768.o)
                              ../../external/mbed/LPC1768/capi.ar(serial_api.LPC1768.o) (pinmap_merge)
../../external/mbed/LPC1768/capi.ar(wait_api.LPC1768.o)
                              ./main.o (wait)
../../external/mbed/LPC1768/capi.ar(gpio_api.LPC1768.o)
                              ../../external/mbed/LPC1768/mbed.ar(DigitalOut.LPC1768.o) (gpio_output)
../../external/mbed/LPC1768/capi.ar(semihost_api.LPC1768.o)
                              ../../external/mbed/LPC1768/mbed.ar(LocalFileSystem.LPC1768.o) (semihost_close)
../../external/mbed/LPC1768/capi.ar(us_ticker_api.LPC1768.o)
                              ../../external/mbed/LPC1768/mbed.ar(TimerEvent.LPC1768.o) (us_ticker_read)
../../external/mbed/LPC1768/capi.ar(utils_api.LPC1768.o)
                              ../../external/mbed/LPC1768/capi.ar(exit.LPC1768.o) (mbed_die)
../../external/mbed/LPC1768/capi.ar(timer_api.LPC1768.o)
                              ../../external/mbed/LPC1768/capi.ar(us_ticker_api.LPC1768.o) (timer_frequency)
../../external/FATFileSystem/LPC1768/FATFileSystem.ar(FATFileSystem.cpp.lpc1768.arm.o)
                              ./SDFileSystem/SDFileSystem.o (typeinfo for mbed::FATFileSystem)
../../external/FATFileSystem/LPC1768/FATFileSystem.ar(FATDirHandle.cpp.lpc1768.arm.o)
                              ../../external/FATFileSystem/LPC1768/FATFileSystem.ar(FATFileSystem.cpp.lpc1768.arm.o) (mbed::FATDirHandle::FATDirHandle(_DIR const&))
../../external/FATFileSystem/LPC1768/FATFileSystem.ar(FATFileHandle.cpp.lpc1768.arm.o)
                              ../../external/FATFileSystem/LPC1768/FATFileSystem.ar(FATFileSystem.cpp.lpc1768.arm.o) (mbed::FATFileHandle::FATFileHandle(_FIL))
../../external/FATFileSystem/LPC1768/FATFileSystem.ar(ff.c.lpc1768.arm.o)
                              ../../external/FATFileSystem/LPC1768/FATFileSystem.ar(FATFileHandle.cpp.lpc1768.arm.o) (f_close)
../../external/FATFileSystem/LPC1768/FATFileSystem.ar(diskio.cpp.lpc1768.arm.o)
                              ../../external/FATFileSystem/LPC1768/FATFileSystem.ar(ff.c.lpc1768.arm.o) (disk_initialize)
../../external/gcc/LPC1768\libstdc++.a(atexit_arm.o)
                              ./main.o (__aeabi_atexit)
../../external/gcc/LPC1768\libstdc++.a(class_type_info.o)
                              ../../external/mbed/LPC1768/mbed.ar(LocalFileSystem.LPC1768.o) (vtable for __cxxabiv1::__class_type_info)
[...]
Memory Configuration

Name             Origin             Length             Attributes
IROM             0x00000000         0x00080000         xr
IRAM0            0x10000000         0x00008000         xrw
IRAM1            0x2007c000         0x00004000         xrw
IRAM2            0x20080000         0x00004000         xrw
*default*        0x00000000         0xffffffff

Linker script and memory map

LOAD d:/mbed/gcc4mbed/arm-2011.03/bin/../lib/gcc/arm-none-eabi/4.5.2/thumb2/crti.o
LOAD d:/mbed/gcc4mbed/arm-2011.03/bin/../lib/gcc/arm-none-eabi/4.5.2/thumb2/crtbegin.o
LOAD ../../src/gcc4mbed.o
LOAD ../../src/syscalls.o
LOAD ./main.o
LOAD ./SDFileSystem/SDFileSystem.o
LOAD ../../external/mbed/LPC1768/mbed.ar
LOAD ../../external/mbed/LPC1768/capi.ar
LOAD ../../external/FATFileSystem/LPC1768/FATFileSystem.ar
LOAD ../../external/gcc/LPC1768\libstdc++.a
LOAD ../../external/gcc/LPC1768\libm.a
START GROUP
LOAD d:/mbed/gcc4mbed/arm-2011.03/bin/../lib/gcc/arm-none-eabi/4.5.2/thumb2\libgcc.a
LOAD ../../external/gcc/LPC1768\libc.a
END GROUP
LOAD d:/mbed/gcc4mbed/arm-2011.03/bin/../lib/gcc/arm-none-eabi/4.5.2/thumb2/crtend.o
LOAD d:/mbed/gcc4mbed/arm-2011.03/bin/../lib/gcc/arm-none-eabi/4.5.2/thumb2/crtn.o

.text           0x00000000    0x107ac
 *(RESET)
 RESET          0x00000000       0xc4 ../../external/mbed/LPC1768/capi.ar(startup_LPC17xx.LPC1768.o)
                0x00000000                __Vectors
 *(.mbed_init)
 .mbed_init     0x000000c4      0x108 ../../src/gcc4mbed.o
                0x000000c4                __main
 *(i.SystemInit)
 i.SystemInit   0x000001cc       0x78 ../../external/mbed/LPC1768/capi.ar(system_LPC17xx.LPC1768.o)
                0x000001cc                SystemInit
                0x000002fc                . = 0x2fc
 *fill*         0x00000244       0xb8 00
 *(.crp)
                0x00000300                . = 0x300
 *fill*         0x000002fc        0x4 00
 *(.text .text.*)
 .text          0x00000300       0x30 d:/mbed/gcc4mbed/arm-2011.03/bin/../lib/gcc/arm-none-eabi/4.5.2/thumb2/crtbegin.o
 .text.__GCC4MBEDOpenStandardHandles
                0x00000330       0x34 ../../src/syscalls.o
                0x00000330                __GCC4MBEDOpenStandardHandles
 .text._kill    0x00000364       0x10 ../../src/syscalls.o
                0x00000364                _kill
 .text._exit    0x00000374        0x8 ../../src/syscalls.o
                0x00000374                _exit
 .text._getpid  0x0000037c        0x4 ../../src/syscalls.o
                0x0000037c                _getpid
 .text._sbrk    0x00000380       0x30 ../../src/syscalls.o
                0x00000380                _sbrk
 .text._open    0x000003b0       0x20 ../../src/syscalls.o
                0x000003b0                _open
 .text._close   0x000003d0        0x4 ../../src/syscalls.o
                0x000003d0                _close
 .text._isatty  0x000003d4        0xc ../../src/syscalls.o
                0x000003d4                _isatty
 .text._lseek   0x000003e0      0x120 ../../src/syscalls.o
                0x000003e0                _lseek
 .text._read    0x00000500       0x34 ../../src/syscalls.o
                0x00000500                _read
 .text._write   0x00000534       0x38 ../../src/syscalls.o
                0x00000534                _write
 .text._fstat   0x0000056c        0xc ../../src/syscalls.o
                0x0000056c                _fstat
 .text._ZN4mbed14FileSystemLike6renameEPKcS2_
                0x00000578        0x8 ./main.o
                0x00000578                mbed::FileSystemLike::rename(char const*, char const*)
 .text._ZN4mbed14FileSystemLike5mkdirEPKci
                0x00000580        0x8 ./main.o
                0x00000580                mbed::FileSystemLike::mkdir(char const*, int)
 .text._Z4flipv
                0x00000588      0x160 ./main.o
                0x00000588                flip()
 .text.main     0x000006e8       0x84 ./main.o
                0x000006e8                main
 .text._GLOBAL__I_global_time
                0x0000076c       0xd0 ./main.o
 .text          0x0000083c       0x24 ../../external/mbed/LPC1768/capi.ar(startup_LPC17xx.LPC1768.o)
                0x0000083c                Reset_Handler
                0x00000844                NMI_Handler
                0x00000846                HardFault_Handler
                0x00000848                MemManage_Handler
                0x0000084a                BusFault_Handler
                0x0000084c                UsageFault_Handler
                0x0000084e                SVC_Handler
                0x00000850                DebugMon_Handler
                0x00000852                PendSV_Handler
                0x00000854                SysTick_Handler
                0x00000856                UART1_IRQHandler
                0x00000856                EINT3_IRQHandler
                0x00000856                TIMER3_IRQHandler
                0x00000856                UART0_IRQHandler
                0x00000856                EINT2_IRQHandler
                0x00000856                I2C1_IRQHandler
                0x00000856                PLL0_IRQHandler
                0x00000856                CAN_IRQHandler
                0x00000856                I2C0_IRQHandler
                0x00000856                SSP0_IRQHandler
                0x00000856                PWM1_IRQHandler
                0x00000856                I2C2_IRQHandler
                0x00000856                RTC_IRQHandler
                0x00000856                TIMER0_IRQHandler
                0x00000856                RIT_IRQHandler
                0x00000856                SPI_IRQHandler
                0x00000856                EINT1_IRQHandler
                0x00000856                TIMER1_IRQHandler
                0x00000856                UART2_IRQHandler
                0x00000856                ADC_IRQHandler
                0x00000856                SSP1_IRQHandler
                0x00000856                USB_IRQHandler
                0x00000856                BOD_IRQHandler
                0x00000856                I2S_IRQHandler
                0x00000856                WDT_IRQHandler
                0x00000856                PLL1_IRQHandler
                0x00000856                QEI_IRQHandler
                0x00000856                EINT0_IRQHandler
                0x00000856                DMA_IRQHandler
                0x00000856                TIMER2_IRQHandler
                0x00000856                UART3_IRQHandler
                0x00000856                MCPWM_IRQHandler
                0x00000856                ENET_IRQHandler
 .text.__aeabi_atexit
                0x00000860        0xa ../../external/gcc/LPC1768\libstdc++.a(atexit_arm.o)
                0x00000860                __aeabi_atexit
 .text._ZNK10__cxxabiv117__class_type_info20__do_find_public_srcEiPKvPKS0_S2_
                0x0000086a        0xc ../../external/gcc/LPC1768\libstdc++.a(class_type_info.o)
                0x0000086a                __cxxabiv1::__class_type_info::__do_find_public_src(int, void const*, __cxxabiv1::__class_type_info const*, void const*) const
 .text._ZNK10__cxxabiv117__class_type_info11__do_upcastEPKS0_PKvRNS0_15__upcast_resultE
                0x00000876       0x1a ../../external/gcc/LPC1768\libstdc++.a(class_type_info.o)
                0x00000876                __cxxabiv1::__class_type_info::__do_upcast(__cxxabiv1::__class_type_info const*, void const*, __cxxabiv1::__class_type_info::__upcast_result&) const
 .text._ZNK10__cxxabiv117__class_type_info12__do_dyncastEiNS0_10__sub_kindEPKS0_PKvS3_S5_RNS0_16__dyncast_resultE
                0x00000890       0x3c ../../external/gcc/LPC1768\libstdc++.a(class_type_info.o)
                0x00000890                __cxxabiv1::__class_type_info::__do_dyncast(int, __cxxabiv1::__class_type_info::__sub_kind, __cxxabiv1::__class_type_info const*, void const*, __cxxabiv1::__class_type_info const*, void const*, __cxxabiv1::__class_type_info::__dyncast_result&) const
 .text._ZNK10__cxxabiv117__class_type_info10__do_catchEPKSt9type_infoPPvj
                0x000008cc       0x26 ../../external/gcc/LPC1768\libstdc++.a(class_type_info.o)
                0x000008cc                __cxxabiv1::__class_type_info::__do_catch(std::type_info const*, void**, unsigned int) const
 *fill*         0x000008f2        0x2 00
 .text._ZN10__cxxabiv117__class_type_infoD2Ev
                0x000008f4       0x14 ../../external/gcc/LPC1768\libstdc++.a(class_type_info.o)
                0x000008f4                __cxxabiv1::__class_type_info::~__class_type_info()
                0x000008f4                __cxxabiv1::__class_type_info::~__class_type_info()
 .text._ZN10__cxxabiv117__class_type_infoD0Ev
                0x00000908       0x12 ../../external/gcc/LPC1768\libstdc++.a(class_type_info.o)
                0x00000908                __cxxabiv1::__class_type_info::~__class_type_info()
 .text._ZN10__cxxabiv117__class_type_info15__upcast_resultC2Ei
                0x0000091a        0xc ../../external/gcc/LPC1768\libstdc++.a(class_type_info.o)
                0x0000091a                __cxxabiv1::__class_type_info::__upcast_result::__upcast_result(int)
                0x0000091a                __cxxabiv1::__class_type_info::__upcast_result::__upcast_result(int)
 .text._ZNK10__cxxabiv117__class_type_info11__do_upcastEPKS0_PPv
                0x00000926       0x3a ../../external/gcc/LPC1768\libstdc++.a(class_type_info.o)
                0x00000926                __cxxabiv1::__class_type_info::__do_upcast(__cxxabiv1::__class_type_info const*, void**) const
 .text._ZdlPv   0x00000960        0x8 ../../external/gcc/LPC1768\libstdc++.a(del_op.o)
                0x00000960                operator delete(void*)
 .text._ZdaPv   0x00000968        0x4 ../../external/gcc/LPC1768\libstdc++.a(del_opv.o)
                0x00000968                operator delete[](void*)
 .text._ZN10__cxxabiv112_GLOBAL__N_118contained_public_pENS_17__class_type_info10__sub_kindE
                0x0000096c       0x10 ../../external/gcc/LPC1768\libstdc++.a(dyncast.o)
 .text._ZN10__cxxabiv112_GLOBAL__N_114adjust_pointerIvEEPKT_PKvi
                0x0000097c        0x4 ../../external/gcc/LPC1768\libstdc++.a(dyncast.o)
 .text._ZN10__cxxabiv117__class_type_info16__dyncast_resultC2Ei
                0x00000980        0xe ../../external/gcc/LPC1768\libstdc++.a(dyncast.o)
                0x00000980                __cxxabiv1::__class_type_info::__dyncast_result::__dyncast_result(int)
                0x00000980                __cxxabiv1::__class_type_info::__dyncast_result::__dyncast_result(int)
 .text._ZNK10__cxxabiv117__class_type_info17__find_public_srcEiPKvPKS0_S2_
                0x0000098e       0x2c ../../external/gcc/LPC1768\libstdc++.a(dyncast.o)
                0x0000098e                __cxxabiv1::__class_type_info::__find_public_src(int, void const*, __cxxabiv1::__class_type_info const*, void const*) const
 .text.__dynamic_cast
                0x000009ba       0xa4 ../../external/gcc/LPC1768\libstdc++.a(dyncast.o)
                0x000009ba                __dynamic_cast
 *fill*         0x00000a5e        0x2 00
 .text._Znwj    0x00000a60       0x28 ../../external/gcc/LPC1768\libstdc++.a(new_op.o)
                0x00000a60                operator new(unsigned int)
 .text._Znaj    0x00000a88        0x4 ../../external/gcc/LPC1768\libstdc++.a(new_opv.o)
                0x00000a88                operator new[](unsigned int)
 .text.__cxa_pure_virtual
                0x00000a8c       0x14 ../../external/gcc/LPC1768\libstdc++.a(pure.o)
                0x00000a8c                __cxa_pure_virtual
 .text._ZNK10__cxxabiv120__si_class_type_info11__do_upcastEPKNS_17__class_type_infoEPKvRNS1_15__upcast_resultE
                0x00000aa0       0x24 ../../external/gcc/LPC1768\libstdc++.a(si_class_type_info.o)
                0x00000aa0                __cxxabiv1::__si_class_type_info::__do_upcast(__cxxabiv1::__class_type_info const*, void const*, __cxxabiv1::__class_type_info::__upcast_result&) const
 .text._ZNK10__cxxabiv120__si_class_type_info12__do_dyncastEiNS_17__class_type_info10__sub_kindEPKS1_PKvS4_S6_RNS1_16__dyncast_resultE
                0x00000ac4       0x90 ../../external/gcc/LPC1768\libstdc++.a(si_class_type_info.o)
                0x00000ac4                __cxxabiv1::__si_class_type_info::__do_dyncast(int, __cxxabiv1::__class_type_info::__sub_kind, __cxxabiv1::__class_type_info const*, void const*, __cxxabiv1::__class_type_info const*, void const*, __cxxabiv1::__class_type_info::__dyncast_result&) const
 .text._ZNK10__cxxabiv120__si_class_type_info20__do_find_public_srcEiPKvPKNS_17__class_type_infoES2_
                0x00000b54       0x36 ../../external/gcc/LPC1768\libstdc++.a(si_class_type_info.o)
                0x00000b54                __cxxabiv1::__si_class_type_info::__do_find_public_src(int, void const*, __cxxabiv1::__class_type_info const*, void const*) const
 *fill*         0x00000b8a        0x2 00
 .text._ZN10__cxxabiv120__si_class_type_infoD2Ev
                0x00000b8c       0x14 ../../external/gcc/LPC1768\libstdc++.a(si_class_type_info.o)
                0x00000b8c                __cxxabiv1::__si_class_type_info::~__si_class_type_info()
                0x00000b8c                __cxxabiv1::__si_class_type_info::~__si_class_type_info()
 .text._ZN10__cxxabiv120__si_class_type_infoD0Ev
                0x00000ba0       0x12 ../../external/gcc/LPC1768\libstdc++.a(si_class_type_info.o)
                0x00000ba0                __cxxabiv1::__si_class_type_info::~__si_class_type_info()
 *fill*         0x00000bb2        0x2 00
 .text._ZNSt9type_infoD2Ev
                0x00000bb4        0xc ../../external/gcc/LPC1768\libstdc++.a(tinfo.o)
                0x00000bb4                std::type_info::~type_info()
                0x00000bb4                std::type_info::~type_info()
 .text._ZNKSt9type_info14__is_pointer_pEv
                0x00000bc0        0x4 ../../external/gcc/LPC1768\libstdc++.a(tinfo.o)
                0x00000bc0                std::type_info::__is_pointer_p() const
 .text._ZNKSt9type_info15__is_function_pEv
                0x00000bc4        0x4 ../../external/gcc/LPC1768\libstdc++.a(tinfo.o)
                0x00000bc4                std::type_info::__is_function_p() const
 .text._ZNKSt9type_info11__do_upcastEPKN10__cxxabiv117__class_type_infoEPPv
                0x00000bc8        0x4 ../../external/gcc/LPC1768\libstdc++.a(tinfo.o)
                0x00000bc8                std::type_info::__do_upcast(__cxxabiv1::__class_type_info const*, void**) const
 .text._ZNSt9type_infoD0Ev
                0x00000bcc       0x12 ../../external/gcc/LPC1768\libstdc++.a(tinfo.o)
                0x00000bcc                std::type_info::~type_info()
 .text._ZNKSt9type_info4nameEv
                0x00000bde        0xc ../../external/gcc/LPC1768\libstdc++.a(tinfo.o)
                0x00000bde                std::type_info::name() const
 .text._ZNKSt9type_infoeqERKS_
                0x00000bea       0x34 ../../external/gcc/LPC1768\libstdc++.a(tinfo.o)
                0x00000bea                std::type_info::operator==(std::type_info const&) const
 .text._ZNKSt9type_info10__do_catchEPKS_PPvj
                0x00000c1e        0x4 ../../external/gcc/LPC1768\libstdc++.a(tinfo.o)
                0x00000c1e                std::type_info::__do_catch(std::type_info const*, void**, unsigned int) const
 .text.__cxa_vec_ctor
                0x00000c22       0x26 ../../external/gcc/LPC1768\libstdc++.a(vec.o)
                0x00000c22                __cxa_vec_ctor
 .text.__aeabi_vec_ctor_nocookie_nodtor
                0x00000c48       0x12 ../../external/gcc/LPC1768\libstdc++.a(vec.o)
                0x00000c48                __aeabi_vec_ctor_nocookie_nodtor
 .text._ZN10__cxxabiv112_GLOBAL__N_111contained_pENS_17__class_type_info10__sub_kindE
                0x00000c5a        0xa ../../external/gcc/LPC1768\libstdc++.a(vmi_class_type_info.o)
 .text._ZN10__cxxabiv112_GLOBAL__N_19virtual_pENS_17__class_type_info10__sub_kindE
                0x00000c64        0x6 ../../external/gcc/LPC1768\libstdc++.a(vmi_class_type_info.o)
 .text._ZN10__cxxabiv112_GLOBAL__N_114adjust_pointerIvEEPKT_PKvi
                0x00000c6a        0x4 ../../external/gcc/LPC1768\libstdc++.a(vmi_class_type_info.o)
 .text._ZN10__cxxabiv112_GLOBAL__N_115convert_to_baseEPKvbi
                0x00000c6e        0xc ../../external/gcc/LPC1768\libstdc++.a(vmi_class_type_info.o)
 *fill*         0x00000c7a        0x2 00
 .text._ZN10__cxxabiv121__vmi_class_type_infoD2Ev
                0x00000c7c       0x14 ../../external/gcc/LPC1768\libstdc++.a(vmi_class_type_info.o)
                0x00000c7c                __cxxabiv1::__vmi_class_type_info::~__vmi_class_type_info()
                0x00000c7c                __cxxabiv1::__vmi_class_type_info::~__vmi_class_type_info()
 .text._ZN10__cxxabiv121__vmi_class_type_infoD0Ev
                0x00000c90       0x12 ../../external/gcc/LPC1768\libstdc++.a(vmi_class_type_info.o)
                0x00000c90                __cxxabiv1::__vmi_class_type_info::~__vmi_class_type_info()
 .text._ZNK10__cxxabiv122__base_class_type_info14__is_virtual_pEv
                0x00000ca2        0x8 ../../external/gcc/LPC1768\libstdc++.a(vmi_class_type_info.o)
                0x00000ca2                __cxxabiv1::__base_class_type_info::__is_virtual_p() const
 .text._ZNK10__cxxabiv122__base_class_type_info13__is_public_pEv
                0x00000caa        0x8 ../../external/gcc/LPC1768\libstdc++.a(vmi_class_type_info.o)
                0x00000caa                __cxxabiv1::__base_class_type_info::__is_public_p() const
 .text._ZNK10__cxxabiv122__base_class_type_info8__offsetEv
                0x00000cb2        0x6 ../../external/gcc/LPC1768\libstdc++.a(vmi_class_type_info.o)
                0x00000cb2                __cxxabiv1::__base_class_type_info::__offset() const
 .text._ZNK10__cxxabiv121__vmi_class_type_info20__do_find_public_srcEiPKvPKNS_17__class_type_infoES2_
                0x00000cb8       0x96 ../../external/gcc/LPC1768\libstdc++.a(vmi_class_type_info.o)
                0x00000cb8                __cxxabiv1::__vmi_class_type_info::__do_find_public_src(int, void const*, __cxxabiv1::__class_type_info const*, void const*) const
 .text._ZNK10__cxxabiv121__vmi_class_type_info11__do_upcastEPKNS_17__class_type_infoEPKvRNS1_15__upcast_resultE
                0x00000d4e      0x148 ../../external/gcc/LPC1768\libstdc++.a(vmi_class_type_info.o)
                0x00000d4e                __cxxabiv1::__vmi_class_type_info::__do_upcast(__cxxabiv1::__class_type_info const*, void const*, __cxxabiv1::__class_type_info::__upcast_result&) const
 .text._ZNK10__cxxabiv121__vmi_class_type_info12__do_dyncastEiNS_17__class_type_info10__sub_kindEPKS1_PKvS4_S6_RNS1_16__dyncast_resultE
                0x00000e96      0x2e0 ../../external/gcc/LPC1768\libstdc++.a(vmi_class_type_info.o)
                0x00000e96                __cxxabiv1::__vmi_class_type_info::__do_dyncast(int, __cxxabiv1::__class_type_info::__sub_kind, __cxxabiv1::__class_type_info const*, void const*, __cxxabiv1::__class_type_info const*, void const*, __cxxabiv1::__class_type_info::__dyncast_result&) const
 .text._ZN10__cxxabiv111__terminateEPFvvE
                0x00001176        0x8 ../../external/gcc/LPC1768\libstdc++.a(eh_terminate.o)
                0x00001176                __cxxabiv1::__terminate(void (*)())
 *fill*         0x0000117e        0x2 00
 .text._ZSt9terminatev
                0x00001180       0x10 ../../external/gcc/LPC1768\libstdc++.a(eh_terminate.o)
                0x00001180                std::terminate()
 .text._ZN9__gnu_cxx27__verbose_terminate_handlerEv
                0x00001190       0x90 ../../external/gcc/LPC1768\libstdc++.a(vterminate.o)
                0x00001190                __gnu_cxx::__verbose_terminate_handler()
 .text          0x00001220     0x26a4 ../../external/gcc/LPC1768\libstdc++.a(cp-demangle.o)
                0x000037e4                __cxa_demangle
                0x000038a0                __gcclibcxx_demangle_callback
 .text.__cxa_current_exception_type
                0x000038c4       0x1a ../../external/gcc/LPC1768\libstdc++.a(eh_type.o)
                0x000038c4                __cxa_current_exception_type
 *fill*         0x000038de        0x2 00
 .text.__cxa_get_globals
                0x000038e0        0x8 ../../external/gcc/LPC1768\libstdc++.a(eh_globals.o)
                0x000038e0                __cxa_get_globals
 .text.cos      0x000038e8       0x84 ../../external/gcc/LPC1768\libm.a(lib_a-s_cos.o)
                0x000038e8                cos
 *fill*         0x0000396c        0x4 00
 .text.scalbn   0x00003970       0xf8 ../../external/gcc/LPC1768\libm.a(lib_a-s_scalbn.o)
                0x00003970                scalbn
 .text.sin      0x00003a68       0x8c ../../external/gcc/LPC1768\libm.a(lib_a-s_sin.o)
                0x00003a68                sin
 *fill*         0x00003af4        0x4 00
 .text.__ieee754_rem_pio2
                0x00003af8      0x400 ../../external/gcc/LPC1768\libm.a(lib_a-e_rem_pio2.o)
                0x00003af8                __ieee754_rem_pio2
 .text.__kernel_cos
                0x00003ef8      0x1d8 ../../external/gcc/LPC1768\libm.a(lib_a-k_cos.o)
                0x00003ef8                __kernel_cos
 .text.__kernel_rem_pio2
                0x000040d0      0x6cc ../../external/gcc/LPC1768\libm.a(lib_a-k_rem_pio2.o)
                0x000040d0                __kernel_rem_pio2
 *fill*         0x0000479c        0x4 00
 .text.__kernel_sin
                0x000047a0      0x180 ../../external/gcc/LPC1768\libm.a(lib_a-k_sin.o)
                0x000047a0                __kernel_sin
 .text.copysign
                0x00004920       0x10 ../../external/gcc/LPC1768\libm.a(lib_a-s_copysign.o)
                0x00004920                copysign
 .text.fabs     0x00004930        0x6 ../../external/gcc/LPC1768\libm.a(lib_a-s_fabs.o)
                0x00004930                fabs
 *fill*         0x00004936        0x2 00
 .text.floor    0x00004938      0x108 ../../external/gcc/LPC1768\libm.a(lib_a-s_floor.o)
                0x00004938                floor
 .text          0x00004a40      0x2b0 d:/mbed/gcc4mbed/arm-2011.03/bin/../lib/gcc/arm-none-eabi/4.5.2/thumb2\libgcc.a(_divsi3.o)
                0x00004a40                __divsi3
                0x00004a40                __aeabi_idiv
                0x00004cd4                __aeabi_idivmod
 .text          0x00004cf0        0x4 d:/mbed/gcc4mbed/arm-2011.03/bin/../lib/gcc/arm-none-eabi/4.5.2/thumb2\libgcc.a(_dvmd_tls.o)
                0x00004cf0                __aeabi_idiv0
                0x00004cf0                __aeabi_ldiv0
 .text          0x00004cf4      0x370 d:/mbed/gcc4mbed/arm-2011.03/bin/../lib/gcc/arm-none-eabi/4.5.2/thumb2\libgcc.a(_arm_addsubdf3.o)
                0x00004cf4                __aeabi_drsub
                0x00004cfc                __aeabi_dsub
                0x00004cfc                __subdf3
                0x00004d00                __aeabi_dadd
                0x00004d00                __adddf3
                0x00004f78                __floatunsidf
                0x00004f78                __aeabi_ui2d
                0x00004f98                __floatsidf
                0x00004f98                __aeabi_i2d
                0x00004fbc                __aeabi_f2d
                0x00004fbc                __extendsfdf2
                0x00004ff8                __floatundidf
                0x00004ff8                __aeabi_ul2d
                0x00005008                __floatdidf
                0x00005008                __aeabi_l2d
 .text          0x00005064      0x424 d:/mbed/gcc4mbed/arm-2011.03/bin/../lib/gcc/arm-none-eabi/4.5.2/thumb2\libgcc.a(_arm_muldivdf3.o)
                0x00005064                __aeabi_dmul
                0x00005064                __muldf3
                0x000052b8                __divdf3
                0x000052b8                __aeabi_ddiv
 .text          0x00005488      0x110 d:/mbed/gcc4mbed/arm-2011.03/bin/../lib/gcc/arm-none-eabi/4.5.2/thumb2\libgcc.a(_arm_cmpdf2.o)
                0x00005488                __gtdf2
                0x00005488                __gedf2
                0x00005490                __ltdf2
                0x00005490                __ledf2
                0x00005498                __nedf2
                0x00005498                __eqdf2
                0x00005498                __cmpdf2
                0x00005514                __aeabi_cdrcmple
                0x00005524                __aeabi_cdcmpeq
                0x00005524                __aeabi_cdcmple
                0x00005534                __aeabi_dcmpeq
                0x00005548                __aeabi_dcmplt
                0x0000555c                __aeabi_dcmple
                0x00005570                __aeabi_dcmpge
                0x00005584                __aeabi_dcmpgt
 .text          0x00005598       0x50 d:/mbed/gcc4mbed/arm-2011.03/bin/../lib/gcc/arm-none-eabi/4.5.2/thumb2\libgcc.a(_arm_fixdfsi.o)
                0x00005598                __aeabi_d2iz
                0x00005598                __fixdfsi
 .text          0x000055e8       0xa0 d:/mbed/gcc4mbed/arm-2011.03/bin/../lib/gcc/arm-none-eabi/4.5.2/thumb2\libgcc.a(_arm_truncdfsf2.o)
                0x000055e8                __truncdfsf2
                0x000055e8                __aeabi_d2f
 .text          0x00005688      0x21c d:/mbed/gcc4mbed/arm-2011.03/bin/../lib/gcc/arm-none-eabi/4.5.2/thumb2\libgcc.a(_arm_addsubsf3.o)
                0x00005688                __aeabi_frsub
                0x00005690                __subsf3
                0x00005690                __aeabi_fsub
                0x00005694                __aeabi_fadd
                0x00005694                __addsf3
                0x000057f4                __aeabi_ui2f
                0x000057f4                __floatunsisf
                0x000057fc                __aeabi_i2f
                0x000057fc                __floatsisf
                0x00005818                __aeabi_ul2f
                0x00005818                __floatundisf
                0x00005828                __aeabi_l2f
                0x00005828                __floatdisf
 .text          0x000058a4      0x2a0 d:/mbed/gcc4mbed/arm-2011.03/bin/../lib/gcc/arm-none-eabi/4.5.2/thumb2\libgcc.a(_arm_muldivsf3.o)
                0x000058a4                __mulsf3
                0x000058a4                __aeabi_fmul
                0x00005a0c                __aeabi_fdiv
                0x00005a0c                __divsf3
 .text          0x00005b44       0xec d:/mbed/gcc4mbed/arm-2011.03/bin/../lib/gcc/arm-none-eabi/4.5.2/thumb2\libgcc.a(_arm_cmpsf2.o)
                0x00005b44                __gesf2
                0x00005b44                __gtsf2
                0x00005b4c                __lesf2
                0x00005b4c                __ltsf2
                0x00005b54                __nesf2
                0x00005b54                __eqsf2
                0x00005b54                __cmpsf2
                0x00005bb4                __aeabi_cfrcmple
                0x00005bbc                __aeabi_cfcmpeq
                0x00005bbc                __aeabi_cfcmple
                0x00005bcc                __aeabi_fcmpeq
                0x00005be0                __aeabi_fcmplt
                0x00005bf4                __aeabi_fcmple
                0x00005c08                __aeabi_fcmpge
                0x00005c1c                __aeabi_fcmpgt
 .text          0x00005c30       0x4c d:/mbed/gcc4mbed/arm-2011.03/bin/../lib/gcc/arm-none-eabi/4.5.2/thumb2\libgcc.a(_arm_fixsfsi.o)
                0x00005c30                __aeabi_f2iz
                0x00005c30                __fixsfsi
 .text.abort    0x00005c7c        0xe ../../external/gcc/LPC1768\libc.a(lib_a-abort.o)
                0x00005c7c                abort
 .text.__aeabi_memcpy
                0x00005c8a        0x4 ../../external/gcc/LPC1768\libc.a(lib_a-aeabi_memcpy.o)
                0x00005c8a                __aeabi_memcpy4
                0x00005c8a                __aeabi_memcpy8
                0x00005c8a                __aeabi_memcpy
 .text.__aeabi_assert
                0x00005c8e        0xe ../../external/gcc/LPC1768\libc.a(lib_a-clibabi_assert.o)
                0x00005c8e                __aeabi_assert
 .text.setup_aeabi_stdio
                0x00005c9c       0x28 ../../external/gcc/LPC1768\libc.a(lib_a-clibabi_stdio.o)
 .text.__cxa_atexit
                0x00005cc4       0x16 ../../external/gcc/LPC1768\libc.a(lib_a-cxa_atexit.o)
                0x00005cc4                __cxa_atexit
 *fill*         0x00005cda        0x2 00
 .text._fclose_r
                0x00005cdc       0xac ../../external/gcc/LPC1768\libc.a(lib_a-fclose.o)
                0x00005cdc                _fclose_r
 .text.fclose   0x00005d88       0x10 ../../external/gcc/LPC1768\libc.a(lib_a-fclose.o)
                0x00005d88                fclose
 .text._fflush_r
                0x00005d98      0x174 ../../external/gcc/LPC1768\libc.a(lib_a-fflush.o)
                0x00005d98                _fflush_r
 .text.fflush   0x00005f0c       0x24 ../../external/gcc/LPC1768\libc.a(lib_a-fflush.o)
                0x00005f0c                fflush
 .text._fgetc_r
                0x00005f30       0x58 ../../external/gcc/LPC1768\libc.a(lib_a-fgetc.o)
                0x00005f30                _fgetc_r
 .text.fgetc    0x00005f88       0x10 ../../external/gcc/LPC1768\libc.a(lib_a-fgetc.o)
                0x00005f88                fgetc
 .text._cleanup_r
                0x00005f98        0xc ../../external/gcc/LPC1768\libc.a(lib_a-findfp.o)
                0x00005f98                _cleanup_r
 .text.std.clone.0
                0x00005fa4       0x48 ../../external/gcc/LPC1768\libc.a(lib_a-findfp.o)
 .text.__sfmoreglue
                0x00005fec       0x28 ../../external/gcc/LPC1768\libc.a(lib_a-findfp.o)
                0x00005fec                __sfmoreglue
 .text.__sinit  0x00006014       0x5c ../../external/gcc/LPC1768\libc.a(lib_a-findfp.o)
                0x00006014                __sinit
 .text.__sfp    0x00006070       0x78 ../../external/gcc/LPC1768\libc.a(lib_a-findfp.o)
                0x00006070                __sfp
 .text.__sfp_lock_acquire
                0x000060e8        0x2 ../../external/gcc/LPC1768\libc.a(lib_a-findfp.o)
                0x000060e8                __sfp_lock_acquire
 .text.__sfp_lock_release
                0x000060ea        0x2 ../../external/gcc/LPC1768\libc.a(lib_a-findfp.o)
                0x000060ea                __sfp_lock_release
 .text._fopen_r
                0x000060ec       0x84 ../../external/gcc/LPC1768\libc.a(lib_a-fopen.o)
                0x000060ec                _fopen_r
 .text.fopen    0x00006170       0x14 ../../external/gcc/LPC1768\libc.a(lib_a-fopen.o)
                0x00006170                fopen
 .text.fprintf  0x00006184       0x24 ../../external/gcc/LPC1768\libc.a(lib_a-fprintf.o)
                0x00006184                fprintf
 .text._fputc_r
                0x000061a8       0x48 ../../external/gcc/LPC1768\libc.a(lib_a-fputc.o)
                0x000061a8                _fputc_r
 .text.fputc    0x000061f0       0x14 ../../external/gcc/LPC1768\libc.a(lib_a-fputc.o)
                0x000061f0                fputc
 .text._fputs_r
                0x00006204       0x74 ../../external/gcc/LPC1768\libc.a(lib_a-fputs.o)
                0x00006204                _fputs_r
 .text.fputs    0x00006278       0x14 ../../external/gcc/LPC1768\libc.a(lib_a-fputs.o)
                0x00006278                fputs
 .text._malloc_trim_r
                0x0000628c       0x94 ../../external/gcc/LPC1768\libc.a(lib_a-freer.o)
                0x0000628c                _malloc_trim_r
 .text._free_r  0x00006320      0x180 ../../external/gcc/LPC1768\libc.a(lib_a-freer.o)
                0x00006320                _free_r
 .text._fseek_r
                0x000064a0      0x2cc ../../external/gcc/LPC1768\libc.a(lib_a-fseek.o)
                0x000064a0                _fseek_r
 .text._fstat_r
                0x0000676c       0x24 ../../external/gcc/LPC1768\libc.a(lib_a-fstatr.o)
                0x0000676c                _fstat_r
 .text.__sfvwrite_r
                0x00006790      0x294 ../../external/gcc/LPC1768\libc.a(lib_a-fvwrite.o)
                0x00006790                __sfvwrite_r
 .text._fwalk   0x00006a24       0x44 ../../external/gcc/LPC1768\libc.a(lib_a-fwalk.o)
                0x00006a24                _fwalk
 .text._fwalk_reent
                0x00006a68       0x48 ../../external/gcc/LPC1768\libc.a(lib_a-fwalk.o)
                0x00006a68                _fwalk_reent
 .text._fwrite_r
                0x00006ab0       0x90 ../../external/gcc/LPC1768\libc.a(lib_a-fwrite.o)
                0x00006ab0                _fwrite_r
 .text.fwrite   0x00006b40       0x20 ../../external/gcc/LPC1768\libc.a(lib_a-fwrite.o)
                0x00006b40                fwrite
 .text.__libc_init_array
                0x00006b60       0x48 ../../external/gcc/LPC1768\libc.a(lib_a-init.o)
                0x00006b60                __libc_init_array
 .text.__smakebuf_r
                0x00006ba8       0xdc ../../external/gcc/LPC1768\libc.a(lib_a-makebuf.o)
                0x00006ba8                __smakebuf_r
 .text.malloc   0x00006c84       0x10 ../../external/gcc/LPC1768\libc.a(lib_a-malloc.o)
                0x00006c84                malloc
 .text.free     0x00006c94       0x10 ../../external/gcc/LPC1768\libc.a(lib_a-malloc.o)
                0x00006c94                free
 .text._malloc_r
                0x00006ca4      0x408 ../../external/gcc/LPC1768\libc.a(lib_a-mallocr.o)
                0x00006ca4                _malloc_r
 .text.memchr   0x000070ac       0x1c ../../external/gcc/LPC1768\libc.a(lib_a-memchr.o)
                0x000070ac                memchr
 .text.memcmp   0x000070c8       0x1c ../../external/gcc/LPC1768\libc.a(lib_a-memcmp.o)
                0x000070c8                memcmp
 .text.memcpy   0x000070e4       0x16 ../../external/gcc/LPC1768\libc.a(lib_a-memcpy.o)
                0x000070e4                memcpy
 .text.memmove  0x000070fa       0x30 ../../external/gcc/LPC1768\libc.a(lib_a-memmove.o)
                0x000070fa                memmove
 .text.memset   0x0000712a       0x10 ../../external/gcc/LPC1768\libc.a(lib_a-memset.o)
                0x0000712a                memset
 .text.__malloc_lock
                0x0000713a        0x2 ../../external/gcc/LPC1768\libc.a(lib_a-mlock.o)
                0x0000713a                __malloc_lock
 .text.__malloc_unlock
                0x0000713c        0x2 ../../external/gcc/LPC1768\libc.a(lib_a-mlock.o)
                0x0000713c                __malloc_unlock
 *fill*         0x0000713e        0x2 00
 .text._open_r  0x00007140       0x28 ../../external/gcc/LPC1768\libc.a(lib_a-openr.o)
                0x00007140                _open_r
 .text._putc_r  0x00007168       0x80 ../../external/gcc/LPC1768\libc.a(lib_a-putc.o)
                0x00007168                _putc_r
 .text.realloc  0x000071e8       0x14 ../../external/gcc/LPC1768\libc.a(lib_a-realloc.o)
                0x000071e8                realloc
 .text._realloc_r
                0x000071fc      0x2f8 ../../external/gcc/LPC1768\libc.a(lib_a-reallocr.o)
                0x000071fc                _realloc_r
 .text.lflush   0x000074f4       0x12 ../../external/gcc/LPC1768\libc.a(lib_a-refill.o)
 *fill*         0x00007506        0x2 00
 .text.__srefill_r
                0x00007508      0x118 ../../external/gcc/LPC1768\libc.a(lib_a-refill.o)
                0x00007508                __srefill_r
 .text.__srget_r
                0x00007620       0x58 ../../external/gcc/LPC1768\libc.a(lib_a-rget.o)
                0x00007620                __srget_r
 .text._sbrk_r  0x00007678       0x24 ../../external/gcc/LPC1768\libc.a(lib_a-sbrkr.o)
                0x00007678                _sbrk_r
 .text.setbuf   0x0000769c        0xe ../../external/gcc/LPC1768\libc.a(lib_a-setbuf.o)
                0x0000769c                setbuf
 *fill*         0x000076aa        0x2 00
 .text.setvbuf  0x000076ac      0x120 ../../external/gcc/LPC1768\libc.a(lib_a-setvbuf.o)
                0x000076ac                setvbuf
 .text._raise_r
                0x000077cc       0x56 ../../external/gcc/LPC1768\libc.a(lib_a-signal.o)
                0x000077cc                _raise_r
 *fill*         0x00007822        0x2 00
 .text.raise    0x00007824       0x10 ../../external/gcc/LPC1768\libc.a(lib_a-signal.o)
                0x00007824                raise
 .text._kill_r  0x00007834       0x24 ../../external/gcc/LPC1768\libc.a(lib_a-signalr.o)
                0x00007834                _kill_r
 .text._getpid_r
                0x00007858        0x4 ../../external/gcc/LPC1768\libc.a(lib_a-signalr.o)
                0x00007858                _getpid_r
 .text.sprintf  0x0000785c       0x48 ../../external/gcc/LPC1768\libc.a(lib_a-sprintf.o)
                0x0000785c                sprintf
 .text.sscanf   0x000078a4       0x54 ../../external/gcc/LPC1768\libc.a(lib_a-sscanf.o)
                0x000078a4                sscanf
 .text.__sread  0x000078f8       0x22 ../../external/gcc/LPC1768\libc.a(lib_a-stdio.o)
                0x000078f8                __sread
 .text.__seofread
                0x0000791a        0x4 ../../external/gcc/LPC1768\libc.a(lib_a-stdio.o)
                0x0000791a                __seofread
 .text.__swrite
                0x0000791e       0x3a ../../external/gcc/LPC1768\libc.a(lib_a-stdio.o)
                0x0000791e                __swrite
 .text.__sseek  0x00007958       0x26 ../../external/gcc/LPC1768\libc.a(lib_a-stdio.o)
                0x00007958                __sseek
 .text.__sclose
                0x0000797e        0x8 ../../external/gcc/LPC1768\libc.a(lib_a-stdio.o)
                0x0000797e                __sclose
 .text.strcmp   0x00007986       0x16 ../../external/gcc/LPC1768\libc.a(lib_a-strcmp.o)
                0x00007986                strcmp
 .text.strcpy   0x0000799c       0x10 ../../external/gcc/LPC1768\libc.a(lib_a-strcpy.o)
                0x0000799c                strcpy
 .text.strlen   0x000079ac       0x10 ../../external/gcc/LPC1768\libc.a(lib_a-strlen.o)
                0x000079ac                strlen
 .text.strncmp  0x000079bc       0x2a ../../external/gcc/LPC1768\libc.a(lib_a-strncmp.o)
                0x000079bc                strncmp
 *fill*         0x000079e6        0x2 00
 .text._strtol_r
                0x000079e8      0x124 ../../external/gcc/LPC1768\libc.a(lib_a-strtol.o)
                0x000079e8                _strtol_r
 .text.strtol   0x00007b0c       0x1c ../../external/gcc/LPC1768\libc.a(lib_a-strtol.o)
                0x00007b0c                strtol
 .text._svfprintf_r
                0x00007b28     0x1100 ../../external/gcc/LPC1768\libc.a(lib_a-svfprintf.o)
                0x00007b28                _svfprintf_r
 .text.__ssvfscanf_r
                0x00008c28      0xbdc ../../external/gcc/LPC1768\libc.a(lib_a-svfscanf.o)
                0x00008c28                __ssvfscanf_r
 .text.write    0x00009804       0x1c ../../external/gcc/LPC1768\libc.a(lib_a-syswrite.o)
                0x00009804                write
 .text._vfprintf_r
                0x00009820     0x11cc ../../external/gcc/LPC1768\libc.a(lib_a-vfprintf.o)
                0x00009820                _vfprintf_r
 .text.vfprintf
                0x0000a9ec       0x1c ../../external/gcc/LPC1768\libc.a(lib_a-vfprintf.o)
                0x0000a9ec                vfprintf
 .text.__swbuf_r
                0x0000aa08       0xcc ../../external/gcc/LPC1768\libc.a(lib_a-wbuf.o)
                0x0000aa08                __swbuf_r
 .text._write_r
                0x0000aad4       0x28 ../../external/gcc/LPC1768\libc.a(lib_a-writer.o)
                0x0000aad4                _write_r
 .text.__swsetup_r
                0x0000aafc       0xdc ../../external/gcc/LPC1768\libc.a(lib_a-wsetup.o)
                0x0000aafc                __swsetup_r
 .text.__register_exitproc
                0x0000abd8       0xc0 ../../external/gcc/LPC1768\libc.a(lib_a-__atexit.o)
                0x0000abd8                __register_exitproc
 .text.__assert_func
                0x0000ac98       0x38 ../../external/gcc/LPC1768\libc.a(lib_a-assert.o)
                0x0000ac98                __assert_func
 .text.__assert
                0x0000acd0        0xa ../../external/gcc/LPC1768\libc.a(lib_a-assert.o)
                0x0000acd0                __assert
 *fill*         0x0000acda        0x2 00
 .text._close_r
                0x0000acdc       0x24 ../../external/gcc/LPC1768\libc.a(lib_a-closer.o)
                0x0000acdc                _close_r
 .text.quorem   0x0000ad00      0x124 ../../external/gcc/LPC1768\libc.a(lib_a-dtoa.o)
 *fill*         0x0000ae24        0x4 00
 .text._dtoa_r  0x0000ae28      0xc08 ../../external/gcc/LPC1768\libc.a(lib_a-dtoa.o)
                0x0000ae28                _dtoa_r
 .text.fiprintf
                0x0000ba30       0x24 ../../external/gcc/LPC1768\libc.a(lib_a-fiprintf.o)
                0x0000ba30                fiprintf
 .text.__sflags
                0x0000ba54       0x64 ../../external/gcc/LPC1768\libc.a(lib_a-flags.o)
                0x0000ba54                __sflags
 .text._isatty_r
                0x0000bab8       0x24 ../../external/gcc/LPC1768\libc.a(lib_a-isattyr.o)
                0x0000bab8                _isatty_r
 .text.iswspace
                0x0000badc       0x1c ../../external/gcc/LPC1768\libc.a(lib_a-iswspace.o)
                0x0000badc                iswspace
 .text.__locale_charset
                0x0000baf8        0x8 ../../external/gcc/LPC1768\libc.a(lib_a-locale.o)
                0x0000baf8                __locale_charset
 .text.__locale_mb_cur_max
                0x0000bb00        0xc ../../external/gcc/LPC1768\libc.a(lib_a-locale.o)
                0x0000bb00                __locale_mb_cur_max
 .text._localeconv_r
                0x0000bb0c        0x8 ../../external/gcc/LPC1768\libc.a(lib_a-locale.o)
                0x0000bb0c                _localeconv_r
 .text._lseek_r
                0x0000bb14       0x28 ../../external/gcc/LPC1768\libc.a(lib_a-lseekr.o)
                0x0000bb14                _lseek_r
 .text._mbrtowc_r
                0x0000bb3c       0x54 ../../external/gcc/LPC1768\libc.a(lib_a-mbrtowc.o)
                0x0000bb3c                _mbrtowc_r
 .text.__ascii_mbtowc
                0x0000bb90       0x26 ../../external/gcc/LPC1768\libc.a(lib_a-mbtowc_r.o)
                0x0000bb90                __ascii_mbtowc
 .text._Balloc  0x0000bbb6       0x62 ../../external/gcc/LPC1768\libc.a(lib_a-mprec.o)
                0x0000bbb6                _Balloc
 .text._Bfree   0x0000bc18       0x2e ../../external/gcc/LPC1768\libc.a(lib_a-mprec.o)
                0x0000bc18                _Bfree
 .text.__multadd
                0x0000bc46       0x7c ../../external/gcc/LPC1768\libc.a(lib_a-mprec.o)
                0x0000bc46                __multadd
 .text.__s2b    0x0000bcc2       0x7c ../../external/gcc/LPC1768\libc.a(lib_a-mprec.o)
                0x0000bcc2                __s2b
 .text.__hi0bits
                0x0000bd3e       0x40 ../../external/gcc/LPC1768\libc.a(lib_a-mprec.o)
                0x0000bd3e                __hi0bits
 .text.__lo0bits
                0x0000bd7e       0x64 ../../external/gcc/LPC1768\libc.a(lib_a-mprec.o)
                0x0000bd7e                __lo0bits
 .text.__i2b    0x0000bde2       0x12 ../../external/gcc/LPC1768\libc.a(lib_a-mprec.o)
                0x0000bde2                __i2b
 .text.__multiply
                0x0000bdf4      0x124 ../../external/gcc/LPC1768\libc.a(lib_a-mprec.o)
                0x0000bdf4                __multiply
 .text.__pow5mult
                0x0000bf18       0xa4 ../../external/gcc/LPC1768\libc.a(lib_a-mprec.o)
                0x0000bf18                __pow5mult
 .text.__lshift
                0x0000bfbc       0x98 ../../external/gcc/LPC1768\libc.a(lib_a-mprec.o)
                0x0000bfbc                __lshift
 .text.__mcmp   0x0000c054       0x3a ../../external/gcc/LPC1768\libc.a(lib_a-mprec.o)
                0x0000c054                __mcmp
 .text.__mdiff  0x0000c08e       0xc6 ../../external/gcc/LPC1768\libc.a(lib_a-mprec.o)
                0x0000c08e                __mdiff
 .text.__ulp    0x0000c154       0x40 ../../external/gcc/LPC1768\libc.a(lib_a-mprec.o)
                0x0000c154                __ulp
 .text.__b2d    0x0000c194       0xa4 ../../external/gcc/LPC1768\libc.a(lib_a-mprec.o)
                0x0000c194                __b2d
 .text.__d2b    0x0000c238       0xbc ../../external/gcc/LPC1768\libc.a(lib_a-mprec.o)
                0x0000c238                __d2b
 .text.__ratio  0x0000c2f4       0x46 ../../external/gcc/LPC1768\libc.a(lib_a-mprec.o)
                0x0000c2f4                __ratio
 .text.__copybits
                0x0000c33a       0x32 ../../external/gcc/LPC1768\libc.a(lib_a-mprec.o)
                0x0000c33a                __copybits
 .text.__any_on
                0x0000c36c       0x4a ../../external/gcc/LPC1768\libc.a(lib_a-mprec.o)
                0x0000c36c                __any_on
 *fill*         0x0000c3b6        0x2 00
 .text._read_r  0x0000c3b8       0x28 ../../external/gcc/LPC1768\libc.a(lib_a-readr.o)
                0x0000c3b8                _read_r
 .text.__fpclassifyd
                0x0000c3e0       0x64 ../../external/gcc/LPC1768\libc.a(lib_a-s_fpclassify.o)
                0x0000c3e0                __fpclassifyd
 .text.__sccl   0x0000c444       0x64 ../../external/gcc/LPC1768\libc.a(lib_a-sccl.o)
                0x0000c444                __sccl
 .text.nanf     0x0000c4a8        0x8 ../../external/gcc/LPC1768\libc.a(lib_a-sf_nan.o)
                0x0000c4a8                nanf
 .text.match    0x0000c4b0       0x2c ../../external/gcc/LPC1768\libc.a(lib_a-strtod.o)
 *fill*         0x0000c4dc        0x4 00
 .text._strtod_r
                0x0000c4e0      0xbd8 ../../external/gcc/LPC1768\libc.a(lib_a-strtod.o)
                0x0000c4e0                _strtod_r
 .text._strtoll_r
                0x0000d0b8      0x16c ../../external/gcc/LPC1768\libc.a(lib_a-strtoll_r.o)
                0x0000d0b8                _strtoll_r
 .text._strtoul_r
                0x0000d224       0xfc ../../external/gcc/LPC1768\libc.a(lib_a-strtoul.o)
                0x0000d224                _strtoul_r
 .text._strtoull_r
                0x0000d320      0x154 ../../external/gcc/LPC1768\libc.a(lib_a-strtoull_r.o)
                0x0000d320                _strtoull_r
 .text.__ssprint_r
                0x0000d474       0xf6 ../../external/gcc/LPC1768\libc.a(lib_a-svfiprintf.o)
                0x0000d474                __ssprint_r
 .text._sungetc_r
                0x0000d56a       0x7a ../../external/gcc/LPC1768\libc.a(lib_a-svfiscanf.o)
                0x0000d56a                _sungetc_r
 .text.__ssrefill_r
                0x0000d5e4       0x3a ../../external/gcc/LPC1768\libc.a(lib_a-svfiscanf.o)
                0x0000d5e4                __ssrefill_r
 .text._sfread_r
                0x0000d61e       0x70 ../../external/gcc/LPC1768\libc.a(lib_a-svfiscanf.o)
                0x0000d61e                _sfread_r
 .text.__submore
                0x0000d68e       0x78 ../../external/gcc/LPC1768\libc.a(lib_a-ungetc.o)
                0x0000d68e                __submore
 .text.__sprint_r
                0x0000d706       0x74 ../../external/gcc/LPC1768\libc.a(lib_a-vfiprintf.o)
                0x0000d706                __sprint_r
 *fill*         0x0000d77a        0x2 00
 .text._vfiprintf_r
                0x0000d77c      0x914 ../../external/gcc/LPC1768\libc.a(lib_a-vfiprintf.o)
                0x0000d77c                _vfiprintf_r
 .text._calloc_r
                0x0000e090       0x58 ../../external/gcc/LPC1768\libc.a(lib_a-callocr.o)
                0x0000e090                _calloc_r
 .text._fputwc_r
                0x0000e0e8       0xbe ../../external/gcc/LPC1768\libc.a(lib_a-fputwc.o)
                0x0000e0e8                _fputwc_r
 .text.rshift   0x0000e1a6       0x6c ../../external/gcc/LPC1768\libc.a(lib_a-gdtoa-gethex.o)
 *fill*         0x0000e212        0x2 00
 .text.htinit.clone.0
                0x0000e214       0x1c ../../external/gcc/LPC1768\libc.a(lib_a-gdtoa-gethex.o)
 .text.__hexdig_init
                0x0000e230       0x2c ../../external/gcc/LPC1768\libc.a(lib_a-gdtoa-gethex.o)
                0x0000e230                __hexdig_init
 .text.__gethex
                0x0000e25c      0x460 ../../external/gcc/LPC1768\libc.a(lib_a-gdtoa-gethex.o)
                0x0000e25c                __gethex
 .text.L_shift  0x0000e6bc       0x34 ../../external/gcc/LPC1768\libc.a(lib_a-gdtoa-hexnan.o)
 .text.__hexnan
                0x0000e6f0      0x11c ../../external/gcc/LPC1768\libc.a(lib_a-gdtoa-hexnan.o)
                0x0000e6f0                __hexnan
 .text._wcrtomb_r
                0x0000e80c       0x50 ../../external/gcc/LPC1768\libc.a(lib_a-wcrtomb.o)
                0x0000e80c                _wcrtomb_r
 .text.__ascii_wctomb
                0x0000e85c       0x1a ../../external/gcc/LPC1768\libc.a(lib_a-wctomb_r.o)
                0x0000e85c                __ascii_wctomb
 *fill*         0x0000e876        0x2 00
 .text          0x0000e878      0x278 d:/mbed/gcc4mbed/arm-2011.03/bin/../lib/gcc/arm-none-eabi/4.5.2/thumb2\libgcc.a(_udivsi3.o)
                0x0000e878                __aeabi_uidiv
                0x0000e878                __udivsi3
                0x0000ead4                __aeabi_uidivmod
 .text          0x0000eaf0       0x40 d:/mbed/gcc4mbed/arm-2011.03/bin/../lib/gcc/arm-none-eabi/4.5.2/thumb2\libgcc.a(_arm_fixunsdfsi.o)
                0x0000eaf0                __aeabi_d2uiz
                0x0000eaf0                __fixunsdfsi
 .text          0x0000eb30       0x2c d:/mbed/gcc4mbed/arm-2011.03/bin/../lib/gcc/arm-none-eabi/4.5.2/thumb2\libgcc.a(_aeabi_uldivmod.o)
                0x0000eb30                __aeabi_uldivmod
 .text          0x0000eb5c       0x60 d:/mbed/gcc4mbed/arm-2011.03/bin/../lib/gcc/arm-none-eabi/4.5.2/thumb2\libgcc.a(bpabi.o)
                0x0000eb5c                __gnu_ldivmod_helper
                0x0000eb8c                __gnu_uldivmod_helper
 .text          0x0000ebbc      0x360 d:/mbed/gcc4mbed/arm-2011.03/bin/../lib/gcc/arm-none-eabi/4.5.2/thumb2\libgcc.a(_divdi3.o)
                0x0000ebbc                __divdi3
 .text          0x0000ef1c      0x308 d:/mbed/gcc4mbed/arm-2011.03/bin/../lib/gcc/arm-none-eabi/4.5.2/thumb2\libgcc.a(_udivdi3.o)
                0x0000ef1c                __udivdi3
 *(.gnu.linkonce.t.*)
 *(.glue_7)
 .glue_7        0x00000000        0x0 linker stubs
 *(.glue_7t)
 .glue_7t       0x00000000        0x0 linker stubs
 *(.gcc_except_table)
 *(.rodata .rodata*)
 .rodata.str1.4
                0x0000f224       0x84 ../../src/syscalls.o
 .rodata._ZTIN4mbed14FileSystemLikeE
                0x0000f2a8        0xc ./main.o
                0x0000f2a8                typeinfo for mbed::FileSystemLike
 .rodata._ZTSN4mbed14FileSystemLikeE
                0x0000f2b4       0x18 ./main.o
                0x0000f2b4                typeinfo name for mbed::FileSystemLike
 .rodata.str1.4
                0x0000f2cc       0x44 ./main.o
 .rodata._ZTVN10__cxxabiv117__class_type_infoE
                0x0000f310       0x30 ../../external/gcc/LPC1768\libstdc++.a(class_type_info.o)
                0x0000f310                vtable for __cxxabiv1::__class_type_info
 .rodata._ZTIN10__cxxabiv117__class_type_infoE
                0x0000f340        0xc ../../external/gcc/LPC1768\libstdc++.a(class_type_info.o)
                0x0000f340                typeinfo for __cxxabiv1::__class_type_info
 .rodata._ZTSN10__cxxabiv117__class_type_infoE
                0x0000f34c       0x22 ../../external/gcc/LPC1768\libstdc++.a(class_type_info.o)
                0x0000f34c                typeinfo name for __cxxabiv1::__class_type_info
 .rodata.str1.1
                0x0000f36e       0x1c ../../external/gcc/LPC1768\libstdc++.a(pure.o)
 *fill*         0x0000f38a        0x6 00
 .rodata._ZTVN10__cxxabiv120__si_class_type_infoE
                0x0000f390       0x30 ../../external/gcc/LPC1768\libstdc++.a(si_class_type_info.o)
                0x0000f390                vtable for __cxxabiv1::__si_class_type_info
 .rodata._ZTIN10__cxxabiv120__si_class_type_infoE
                0x0000f3c0        0xc ../../external/gcc/LPC1768\libstdc++.a(si_class_type_info.o)
                0x0000f3c0                typeinfo for __cxxabiv1::__si_class_type_info
 .rodata._ZTSN10__cxxabiv120__si_class_type_infoE
                0x0000f3cc       0x25 ../../external/gcc/LPC1768\libstdc++.a(si_class_type_info.o)
                0x0000f3cc                typeinfo name for __cxxabiv1::__si_class_type_info
 *fill*         0x0000f3f1        0x3 00
 .rodata._ZTISt9type_info
                0x0000f3f4        0x8 ../../external/gcc/LPC1768\libstdc++.a(tinfo.o)
                0x0000f3f4                typeinfo for std::type_info
 .rodata._ZTSSt9type_info
                0x0000f3fc        0xd ../../external/gcc/LPC1768\libstdc++.a(tinfo.o)
                0x0000f3fc                typeinfo name for std::type_info
 *fill*         0x0000f409        0x7 00
 .rodata._ZTVSt9type_info
                0x0000f410       0x20 ../../external/gcc/LPC1768\libstdc++.a(tinfo.o)
                0x0000f410                vtable for std::type_info
 .rodata._ZTIN10__cxxabiv121__vmi_class_type_infoE
                0x0000f430        0xc ../../external/gcc/LPC1768\libstdc++.a(vmi_class_type_info.o)
                0x0000f430                typeinfo for __cxxabiv1::__vmi_class_type_info
 .rodata._ZTSN10__cxxabiv121__vmi_class_type_infoE
                0x0000f43c       0x26 ../../external/gcc/LPC1768\libstdc++.a(vmi_class_type_info.o)
                0x0000f43c                typeinfo name for __cxxabiv1::__vmi_class_type_info
 *fill*         0x0000f462        0x6 00
 .rodata._ZTVN10__cxxabiv121__vmi_class_type_infoE
                0x0000f468       0x30 ../../external/gcc/LPC1768\libstdc++.a(vmi_class_type_info.o)
                0x0000f468                vtable for __cxxabiv1::__vmi_class_type_info
 .rodata.str1.1
                0x0000f498       0x80 ../../external/gcc/LPC1768\libstdc++.a(vterminate.o)
 .rodata        0x0000f518      0x694 ../../external/gcc/LPC1768\libstdc++.a(cp-demangle.o)
 .rodata.str1.1
                0x0000fbac      0x552 ../../external/gcc/LPC1768\libstdc++.a(cp-demangle.o)
                                0x601 (size before relaxing)
 *fill*         0x000100fe        0x2 00
 .rodata.npio2_hw
                0x00010100       0x80 ../../external/gcc/LPC1768\libm.a(lib_a-e_rem_pio2.o)
 .rodata.two_over_pi
                0x00010180      0x108 ../../external/gcc/LPC1768\libm.a(lib_a-e_rem_pio2.o)
 .rodata.init_jk
                0x00010288       0x10 ../../external/gcc/LPC1768\libm.a(lib_a-k_rem_pio2.o)
 .rodata.PIo2   0x00010298       0x40 ../../external/gcc/LPC1768\libm.a(lib_a-k_rem_pio2.o)
 .rodata.__aeabi_ctype_table_C
                0x000102d8      0x101 ../../external/gcc/LPC1768\libc.a(lib_a-clibabi_ctype.o)
                0x000102d8                __aeabi_ctype_table_C
                0x000102d8                __aeabi_ctype_table_
 *fill*         0x000103d9        0x3 00
 .rodata.__sf_fake_stdin
                0x000103dc       0x20 ../../external/gcc/LPC1768\libc.a(lib_a-findfp.o)
                0x000103dc                __sf_fake_stdin
 .rodata.__sf_fake_stdout
                0x000103fc       0x20 ../../external/gcc/LPC1768\libc.a(lib_a-findfp.o)
                0x000103fc                __sf_fake_stdout
 .rodata.__sf_fake_stderr
                0x0001041c       0x20 ../../external/gcc/LPC1768\libc.a(lib_a-findfp.o)
                0x0001041c                __sf_fake_stderr
 .rodata.str1.1
                0x0001043c        0x2 ../../external/gcc/LPC1768\libc.a(lib_a-impure.o)
 *fill*         0x0001043e        0x2 00
 .rodata._global_impure_ptr
                0x00010440        0x4 ../../external/gcc/LPC1768\libc.a(lib_a-impure.o)
                0x00010440                _global_impure_ptr
 .rodata.zeroes.6599
                0x00010444       0x10 ../../external/gcc/LPC1768\libc.a(lib_a-svfprintf.o)
 .rodata.str1.1
                0x00010454       0x34 ../../external/gcc/LPC1768\libc.a(lib_a-svfprintf.o)
 .rodata.blanks.6598
                0x00010488       0x10 ../../external/gcc/LPC1768\libc.a(lib_a-svfprintf.o)
 .rodata.str1.1
                0x00010498        0x5 ../../external/gcc/LPC1768\libc.a(lib_a-svfscanf.o)
 *fill*         0x0001049d        0x1 00
 .rodata.basefix.6519
                0x0001049e       0x22 ../../external/gcc/LPC1768\libc.a(lib_a-svfscanf.o)
 .rodata.blanks.6613
                0x000104c0       0x10 ../../external/gcc/LPC1768\libc.a(lib_a-vfprintf.o)
 .rodata.str1.1
                0x00000000       0x34 ../../external/gcc/LPC1768\libc.a(lib_a-vfprintf.o)
 .rodata.zeroes.6614
                0x000104d0       0x10 ../../external/gcc/LPC1768\libc.a(lib_a-vfprintf.o)
 .rodata.str1.1
                0x000104e0       0x3c ../../external/gcc/LPC1768\libc.a(lib_a-assert.o)
                                 0x3d (size before relaxing)
 .rodata._ctype_
                0x0001051c      0x101 ../../external/gcc/LPC1768\libc.a(lib_a-ctype_.o)
                0x0001051c                _ctype_
 .rodata.str1.1
                0x0001061d        0xd ../../external/gcc/LPC1768\libc.a(lib_a-dtoa.o)
                                  0xf (size before relaxing)
 .rodata.str1.1
                0x0001062a        0x6 ../../external/gcc/LPC1768\libc.a(lib_a-locale.o)
                                  0xb (size before relaxing)
 .rodata.str1.1
                0x00000000        0x1 ../../external/gcc/LPC1768\libc.a(lib_a-mbrtowc.o)
 .rodata.p05.5124
                0x00010630        0xc ../../external/gcc/LPC1768\libc.a(lib_a-mprec.o)
 *fill*         0x0001063c        0x4 00
 .rodata.__mprec_tens
                0x00010640       0xc8 ../../external/gcc/LPC1768\libc.a(lib_a-mprec.o)
                0x00010640                __mprec_tens
 .rodata.__mprec_bigtens
                0x00010708       0x28 ../../external/gcc/LPC1768\libc.a(lib_a-mprec.o)
                0x00010708                __mprec_bigtens
 .rodata.str1.1
                0x00000000        0x6 ../../external/gcc/LPC1768\libc.a(lib_a-strtod.o)
                                  0xc (size before relaxing)
 .rodata.tinytens
                0x00010730       0x28 ../../external/gcc/LPC1768\libc.a(lib_a-strtod.o)
 .rodata.blanks.6556
                0x00010758       0x10 ../../external/gcc/LPC1768\libc.a(lib_a-vfiprintf.o)
 .rodata.str1.1
                0x00000000       0x22 ../../external/gcc/LPC1768\libc.a(lib_a-vfiprintf.o)
 .rodata.zeroes.6557
                0x00010768       0x10 ../../external/gcc/LPC1768\libc.a(lib_a-vfiprintf.o)
 .rodata.str1.1
                0x00010778        0xb ../../external/gcc/LPC1768\libc.a(lib_a-gdtoa-gethex.o)
                                 0x19 (size before relaxing)
 *(.gnu.linkonce.r.*)
                0x00010784                . = ALIGN (0x4)
 *fill*         0x00010783        0x1 00
 *(.init)
 .init          0x00010784        0x4 d:/mbed/gcc4mbed/arm-2011.03/bin/../lib/gcc/arm-none-eabi/4.5.2/thumb2/crti.o
                0x00010784                _init
 .init          0x00010788        0x8 d:/mbed/gcc4mbed/arm-2011.03/bin/../lib/gcc/arm-none-eabi/4.5.2/thumb2/crtn.o
                0x00010790                . = ALIGN (0x4)
                0x00010790                __preinit_array_start = .
 *(.preinit_array)
 .preinit_array
                0x00010790        0x4 ../../external/gcc/LPC1768\libc.a(lib_a-clibabi_stdio.o)
                0x00010794                __preinit_array_end = .
                0x00010794                . = ALIGN (0x4)
                0x00010794                __init_array_start = .
 *(SORT(.init_array.*))
 *(.init_array)
 .init_array    0x00010794        0x4 d:/mbed/gcc4mbed/arm-2011.03/bin/../lib/gcc/arm-none-eabi/4.5.2/thumb2/crtbegin.o
 .init_array    0x00010798        0x4 ./main.o
                0x0001079c                __init_array_end = .
                0x0001079c                . = ALIGN (0x4)
 *crtbegin.o(.ctors)
 *(EXCLUDE_FILE(*crtend.o) .ctors)
 *(SORT(.ctors.*))
 *crtend.o(.ctors)
                0x0001079c                . = ALIGN (0x4)
 *(.fini)
 .fini          0x0001079c        0x4 d:/mbed/gcc4mbed/arm-2011.03/bin/../lib/gcc/arm-none-eabi/4.5.2/thumb2/crti.o
                0x0001079c                _fini
 .fini          0x000107a0        0x8 d:/mbed/gcc4mbed/arm-2011.03/bin/../lib/gcc/arm-none-eabi/4.5.2/thumb2/crtn.o
                0x000107a8                . = ALIGN (0x4)
                0x000107a8                __fini_array_start = .
 *(.fini_array)
 .fini_array    0x000107a8        0x4 d:/mbed/gcc4mbed/arm-2011.03/bin/../lib/gcc/arm-none-eabi/4.5.2/thumb2/crtbegin.o
 *(SORT(.fini_array.*))
                0x000107ac                __fini_array_end = .
                0x000107ac                . = ALIGN (0x4)
 *crtbegin.o(.dtors)
 *(EXCLUDE_FILE(*crtend.o) .dtors)
 *(SORT(.dtors.*))
 *crtend.o(.dtors)
                0x000107ac                _etext = .
                0x000107ac                _sifastcode = .
                0x000107ac                __exidx_start = .

.vfp11_veneer   0x000107ac        0x0
 .vfp11_veneer  0x00000000        0x0 linker stubs

.v4_bx          0x000107ac        0x0
 .v4_bx         0x00000000        0x0 linker stubs

i._ZN4mbed10DigitalOut15get_rpc_methodsEv
                0x000107ac        0x8
 i._ZN4mbed10DigitalOut15get_rpc_methodsEv
                0x000107ac        0x8 ../../external/mbed/LPC1768/mbed.ar(DigitalOut.LPC1768.o)
                0x000107ac                mbed::DigitalOut::get_rpc_methods()

i._ZN4mbed10DigitalOutC1E7PinNamePKc
                0x000107b4       0x3c
 i._ZN4mbed10DigitalOutC1E7PinNamePKc
                0x000107b4       0x3c ../../external/mbed/LPC1768/mbed.ar(DigitalOut.LPC1768.o)
                0x000107b4                mbed::DigitalOut::DigitalOut(PinName, char const*)
                0x000107b4                mbed::DigitalOut::DigitalOut(PinName, char const*)

i._ZN4mbed10DigitalOutD1Ev
                0x000107f0        0x4
 i._ZN4mbed10DigitalOutD1Ev
                0x000107f0        0x4 ../../external/mbed/LPC1768/mbed.ar(DigitalOut.LPC1768.o)
                0x000107f0                mbed::DigitalOut::~DigitalOut()
                0x000107f0                mbed::DigitalOut::~DigitalOut()

t._ZN4mbed17rpc_method_callerINS_10DigitalOutEiXadL_ZNS1_5writeEiEEEEvPNS_4BaseEPKcPc
                0x000107f4       0x78
 t._ZN4mbed17rpc_method_callerINS_10DigitalOutEiXadL_ZNS1_5writeEiEEEEvPNS_4BaseEPKcPc
                0x000107f4       0x78 ../../external/mbed/LPC1768/mbed.ar(DigitalOut.LPC1768.o)
                0x000107f4                void mbed::rpc_method_caller<mbed::DigitalOut, int, &(mbed::DigitalOut::write(int))>(mbed::Base*, char const*, char*)

t._ZN4mbed17rpc_method_callerIiNS_10DigitalOutEXadL_ZNS1_4readEvEEEEvPNS_4BaseEPKcPc
                0x0001086c       0x38
 t._ZN4mbed17rpc_method_callerIiNS_10DigitalOutEXadL_ZNS1_4readEvEEEEvPNS_4BaseEPKcPc
                0x0001086c       0x38 ../../external/mbed/LPC1768/mbed.ar(DigitalOut.LPC1768.o)
                0x0001086c                void mbed::rpc_method_caller<int, mbed::DigitalOut, &(mbed::DigitalOut::read())>(mbed::Base*, char const*, char*)

t._ZN4mbed9rpc_superINS_4BaseEEEPKNS_10rpc_methodEPS1_
                0x000108a4        0x4
 t._ZN4mbed9rpc_superINS_4BaseEEEPKNS_10rpc_methodEPS1_
                0x000108a4        0x4 ../../external/mbed/LPC1768/mbed.ar(DigitalOut.LPC1768.o)
                0x000108a4                mbed::rpc_method const* mbed::rpc_super<mbed::Base>(mbed::Base*)

i._ZN4mbed10DigitalOut5writeEi
                0x000108a8        0xe
 i._ZN4mbed10DigitalOut5writeEi
                0x000108a8        0xe ../../external/mbed/LPC1768/mbed.ar(DigitalOut.LPC1768.o)
                0x000108a8                mbed::DigitalOut::write(int)

i._ZN4mbed10DigitalOut4readEv
                0x000108b6        0xe
 i._ZN4mbed10DigitalOut4readEv
                0x000108b6        0xe ../../external/mbed/LPC1768/mbed.ar(DigitalOut.LPC1768.o)
                0x000108b6                mbed::DigitalOut::read()

i._ZN4mbed10DigitalOutD0Ev
                0x000108c4        0xe
 i._ZN4mbed10DigitalOutD0Ev
                0x000108c4        0xe ../../external/mbed/LPC1768/mbed.ar(DigitalOut.LPC1768.o)
                0x000108c4                mbed::DigitalOut::~DigitalOut()

i._ZN4mbed10parse_charEPKcPS1_
                0x000108d2       0xa2
 i._ZN4mbed10parse_charEPKcPS1_
                0x000108d2       0xa2 ../../external/mbed/LPC1768/mbed.ar(DigitalOut.LPC1768.o)
                0x000108d2                mbed::parse_char(char const*, char const**)

i._ZN4mbed15LocalFileSystem4openEPKci
                0x00010974       0x6c
 i._ZN4mbed15LocalFileSystem4openEPKci
                0x00010974       0x6c ../../external/mbed/LPC1768/mbed.ar(LocalFileSystem.LPC1768.o)
                0x00010974                mbed::LocalFileSystem::open(char const*, int)

i._ZN4mbed15LocalFileSystem6removeEPKc
                0x000109e0        0x6
 i._ZN4mbed15LocalFileSystem6removeEPKc
                0x000109e0        0x6 ../../external/mbed/LPC1768/mbed.ar(LocalFileSystem.LPC1768.o)
                0x000109e0                mbed::LocalFileSystem::remove(char const*)

i._ZN4mbed15LocalFileSystem7opendirEPKc
                0x000109e8       0x1c
 i._ZN4mbed15LocalFileSystem7opendirEPKc
                0x000109e8       0x1c ../../external/mbed/LPC1768/mbed.ar(LocalFileSystem.LPC1768.o)
                0x000109e8                mbed::LocalFileSystem::opendir(char const*)

i._ZN4mbed15LocalFileSystemD1Ev
                0x00010a04        0x4
 i._ZN4mbed15LocalFileSystemD1Ev
                0x00010a04        0x4 ../../external/mbed/LPC1768/mbed.ar(LocalFileSystem.LPC1768.o)
                0x00010a04                mbed::LocalFileSystem::~LocalFileSystem()
                0x00010a04                mbed::LocalFileSystem::~LocalFileSystem()

i._ZN4mbed15LocalFileSystemD0Ev
                0x00010a08        0xe
 i._ZN4mbed15LocalFileSystemD0Ev
                0x00010a08        0xe ../../external/mbed/LPC1768/mbed.ar(LocalFileSystem.LPC1768.o)
                0x00010a08                mbed::LocalFileSystem::~LocalFileSystem()

i._ZN4mbed15LocalFileHandle5closeEv
                0x00010a16       0x16
 i._ZN4mbed15LocalFileHandle5closeEv
                0x00010a16       0x16 ../../external/mbed/LPC1768/mbed.ar(LocalFileSystem.LPC1768.o)
                0x00010a16                mbed::LocalFileHandle::close()

i._ZN4mbed15LocalFileHandle5writeEPKvj
                0x00010a2c       0x18
 i._ZN4mbed15LocalFileHandle5writeEPKvj
                0x00010a2c       0x18 ../../external/mbed/LPC1768/mbed.ar(LocalFileSystem.LPC1768.o)
                0x00010a2c                mbed::LocalFileHandle::write(void const*, unsigned int)

i._ZN4mbed15LocalFileHandle4readEPvj
                0x00010a44       0x18
 i._ZN4mbed15LocalFileHandle4readEPvj
                0x00010a44       0x18 ../../external/mbed/LPC1768/mbed.ar(LocalFileSystem.LPC1768.o)
                0x00010a44                mbed::LocalFileHandle::read(void*, unsigned int)

i._ZN4mbed15LocalFileHandle6isattyEv
                0x00010a5c        0x6
 i._ZN4mbed15LocalFileHandle6isattyEv
                0x00010a5c        0x6 ../../external/mbed/LPC1768/mbed.ar(LocalFileSystem.LPC1768.o)
                0x00010a5c                mbed::LocalFileHandle::isatty()

i._ZN4mbed15LocalFileHandle5lseekEli
                0x00010a62       0x28
 i._ZN4mbed15LocalFileHandle5lseekEli
                0x00010a62       0x28 ../../external/mbed/LPC1768/mbed.ar(LocalFileSystem.LPC1768.o)
                0x00010a62                mbed::LocalFileHandle::lseek(long, int)

i._ZN4mbed15LocalFileHandle5fsyncEv
                0x00010a8a        0x6
 i._ZN4mbed15LocalFileHandle5fsyncEv
                0x00010a8a        0x6 ../../external/mbed/LPC1768/mbed.ar(LocalFileSystem.LPC1768.o)
                0x00010a8a                mbed::LocalFileHandle::fsync()

i._ZN4mbed15LocalFileHandle4flenEv
                0x00010a90        0x6
 i._ZN4mbed15LocalFileHandle4flenEv
                0x00010a90        0x6 ../../external/mbed/LPC1768/mbed.ar(LocalFileSystem.LPC1768.o)
                0x00010a90                mbed::LocalFileHandle::flen()

i._ZN4mbed14LocalDirHandle8closedirEv
                0x00010a96        0xa
 i._ZN4mbed14LocalDirHandle8closedirEv
                0x00010a96        0xa ../../external/mbed/LPC1768/mbed.ar(LocalFileSystem.LPC1768.o)
                0x00010a96                mbed::LocalDirHandle::closedir()

i._ZN4mbed14LocalDirHandle7readdirEv
                0x00010aa0       0x48
 i._ZN4mbed14LocalDirHandle7readdirEv
                0x00010aa0       0x48 ../../external/mbed/LPC1768/mbed.ar(LocalFileSystem.LPC1768.o)
                0x00010aa0                mbed::LocalDirHandle::readdir()

i._ZN4mbed14LocalDirHandle9rewinddirEv
                0x00010ae8        0x8
 i._ZN4mbed14LocalDirHandle9rewinddirEv
                0x00010ae8        0x8 ../../external/mbed/LPC1768/mbed.ar(LocalFileSystem.LPC1768.o)
                0x00010ae8                mbed::LocalDirHandle::rewinddir()

i._ZN4mbed14LocalDirHandle7telldirEv
                0x00010af0        0x6
 i._ZN4mbed14LocalDirHandle7telldirEv
                0x00010af0        0x6 ../../external/mbed/LPC1768/mbed.ar(LocalFileSystem.LPC1768.o)
                0x00010af0                mbed::LocalDirHandle::telldir()

i._ZN4mbed14LocalDirHandle7seekdirEl
                0x00010af6        0x6
 i._ZN4mbed14LocalDirHandle7seekdirEl
                0x00010af6        0x6 ../../external/mbed/LPC1768/mbed.ar(LocalFileSystem.LPC1768.o)
                0x00010af6                mbed::LocalDirHandle::seekdir(long)

i._ZN4mbed4Base11delete_selfEv
                0x00010afc       0x1e
 i._ZN4mbed4Base11delete_selfEv
                0x00010afc       0x1e ../../external/mbed/LPC1768/mbed.ar(Base.LPC1768.o)
                0x00010afc                mbed::Base::delete_self()

i._ZN4mbed4Base15get_rpc_methodsEv
                0x00010b1c        0x8
 i._ZN4mbed4Base15get_rpc_methodsEv
                0x00010b1c        0x8 ../../external/mbed/LPC1768/mbed.ar(Base.LPC1768.o)
                0x00010b1c                mbed::Base::get_rpc_methods()

i._ZN4mbed4Base3rpcEPKcS2_Pc
                0x00010b24       0x98
 i._ZN4mbed4Base3rpcEPKcS2_Pc
                0x00010b24       0x98 ../../external/mbed/LPC1768/mbed.ar(Base.LPC1768.o)
                0x00010b24                mbed::Base::rpc(char const*, char const*, char*)

i._ZN4mbed4Base5clearEPKcPc
                0x00010bbc       0x30
 i._ZN4mbed4Base5clearEPKcPc
                0x00010bbc       0x30 ../../external/mbed/LPC1768/mbed.ar(Base.LPC1768.o)
                0x00010bbc                mbed::Base::clear(char const*, char*)

i._ZN4mbed4Base6lookupEPKcj
                0x00010bec       0x38
 i._ZN4mbed4Base6lookupEPKcj
                0x00010bec       0x38 ../../external/mbed/LPC1768/mbed.ar(Base.LPC1768.o)
                0x00010bec                mbed::Base::lookup(char const*, unsigned int)

i._ZN4mbed4Base9list_objsEPKcPc
                0x00010c24       0x40
 i._ZN4mbed4Base9list_objsEPKcPc
                0x00010c24       0x40 ../../external/mbed/LPC1768/mbed.ar(Base.LPC1768.o)
                0x00010c24                mbed::Base::list_objs(char const*, char*)

i._ZN4mbed4BaseC1EPKc
                0x00010c64       0x24
 i._ZN4mbed4BaseC1EPKc
                0x00010c64       0x24 ../../external/mbed/LPC1768/mbed.ar(Base.LPC1768.o)
                0x00010c64                mbed::Base::Base(char const*)
                0x00010c64                mbed::Base::Base(char const*)

i._ZN4mbed4BaseD0Ev
                0x00010c88       0x34
 i._ZN4mbed4BaseD0Ev
                0x00010c88       0x34 ../../external/mbed/LPC1768/mbed.ar(Base.LPC1768.o)
                0x00010c88                mbed::Base::~Base()

i._ZN4mbed4BaseD1Ev
                0x00010cbc       0x38
 i._ZN4mbed4BaseD1Ev
                0x00010cbc       0x38 ../../external/mbed/LPC1768/mbed.ar(Base.LPC1768.o)
                0x00010cbc                mbed::Base::~Base()
                0x00010cbc                mbed::Base::~Base()

t._ZN4mbed17rpc_method_callerINS_4BaseEXadL_ZNS1_11delete_selfEvEEEEvPS1_PKcPc
                0x00010cf4       0x28
 t._ZN4mbed17rpc_method_callerINS_4BaseEXadL_ZNS1_11delete_selfEvEEEEvPS1_PKcPc
                0x00010cf4       0x28 ../../external/mbed/LPC1768/mbed.ar(Base.LPC1768.o)
                0x00010cf4                void mbed::rpc_method_caller<mbed::Base, &(mbed::Base::delete_self())>(mbed::Base*, char const*, char*)

i._ZN4mbed6Ticker5setupEj
                0x00010d1c       0x1e
 i._ZN4mbed6Ticker5setupEj
                0x00010d1c       0x1e ../../external/mbed/LPC1768/mbed.ar(Ticker.LPC1768.o)
                0x00010d1c                mbed::Ticker::setup(unsigned int)

i._ZN4mbed6Ticker7handlerEv
                0x00010d3a       0x1c
 i._ZN4mbed6Ticker7handlerEv
                0x00010d3a       0x1c ../../external/mbed/LPC1768/mbed.ar(Ticker.LPC1768.o)
                0x00010d3a                mbed::Ticker::handler()

i._ZN4mbed6TickerD1Ev
                0x00010d56        0x4
 i._ZN4mbed6TickerD1Ev
                0x00010d56        0x4 ../../external/mbed/LPC1768/mbed.ar(Ticker.LPC1768.o)
                0x00010d56                mbed::Ticker::~Ticker()
                0x00010d56                mbed::Ticker::~Ticker()

i._ZN4mbed6TickerD0Ev
                0x00010d5a        0xe
 i._ZN4mbed6TickerD0Ev
                0x00010d5a        0xe ../../external/mbed/LPC1768/mbed.ar(Ticker.LPC1768.o)
                0x00010d5a                mbed::Ticker::~Ticker()

i._ZN4mbed8FileLikeD0Ev
                0x00010d68       0x3c
 i._ZN4mbed8FileLikeD0Ev
                0x00010d68       0x3c ../../external/mbed/LPC1768/mbed.ar(stdio.LPC1768.o)
                0x00010d68                mbed::FileLike::~FileLike()

i._ZN4mbed8FileLikeD2Ev
                0x00010da4       0x34
 i._ZN4mbed8FileLikeD2Ev
                0x00010da4       0x34 ../../external/mbed/LPC1768/mbed.ar(stdio.LPC1768.o)
                0x00010da4                mbed::FileLike::~FileLike()
                0x00010da4                mbed::FileLike::~FileLike()

i._sys_close    0x00010dd8       0x2c
 i._sys_close   0x00010dd8       0x2c ../../external/mbed/LPC1768/mbed.ar(stdio.LPC1768.o)
                0x00010dd8                _sys_close

i._sys_istty    0x00010e04       0x28
 i._sys_istty   0x00010e04       0x28 ../../external/mbed/LPC1768/mbed.ar(stdio.LPC1768.o)
                0x00010e04                _sys_istty

i._sys_open     0x00010e2c      0x184
 i._sys_open    0x00010e2c      0x184 ../../external/mbed/LPC1768/mbed.ar(stdio.LPC1768.o)
                0x00010e2c                _sys_open

i._sys_read     0x00010fb0       0x40
 i._sys_read    0x00010fb0       0x40 ../../external/mbed/LPC1768/mbed.ar(stdio.LPC1768.o)
                0x00010fb0                _sys_read

i._sys_seek     0x00010ff0       0x2c
 i._sys_seek    0x00010ff0       0x2c ../../external/mbed/LPC1768/mbed.ar(stdio.LPC1768.o)
                0x00010ff0                _sys_seek

i._sys_write    0x0001101c       0x54
 i._sys_write   0x0001101c       0x54 ../../external/mbed/LPC1768/mbed.ar(stdio.LPC1768.o)
                0x0001101c                _sys_write

i._ZN4mbed10FileHandle4flenEv
                0x00011070       0x3a
 i._ZN4mbed10FileHandle4flenEv
                0x00011070       0x3a ../../external/mbed/LPC1768/mbed.ar(stdio.LPC1768.o)
                0x00011070                mbed::FileHandle::flen()

i._ZN4mbed15FunctionPointer4callEv
                0x000110aa       0x1a
 i._ZN4mbed15FunctionPointer4callEv
                0x000110aa       0x1a ../../external/mbed/LPC1768/mbed.ar(FunctionPointer.LPC1768.o)
                0x000110aa                mbed::FunctionPointer::call()

i._ZN4mbed15FunctionPointer6attachEPFvvE
                0x000110c4        0x8
 i._ZN4mbed15FunctionPointer6attachEPFvvE
                0x000110c4        0x8 ../../external/mbed/LPC1768/mbed.ar(FunctionPointer.LPC1768.o)
                0x000110c4                mbed::FunctionPointer::attach(void (*)())

i._ZN4mbed15FunctionPointerC1EPFvvE
                0x000110cc        0x8
 i._ZN4mbed15FunctionPointerC1EPFvvE
                0x000110cc        0x8 ../../external/mbed/LPC1768/mbed.ar(FunctionPointer.LPC1768.o)
                0x000110cc                mbed::FunctionPointer::FunctionPointer(void (*)())
                0x000110cc                mbed::FunctionPointer::FunctionPointer(void (*)())

i.<Func4>       0x000110d4        0x6
 i.<Func4>      0x000110d4        0x6 ../../external/mbed/LPC1768/mbed.ar(Serial.LPC1768.o)

i._ZN4mbed6Serial15get_rpc_methodsEv
                0x000110dc        0x8
 i._ZN4mbed6Serial15get_rpc_methodsEv
                0x000110dc        0x8 ../../external/mbed/LPC1768/mbed.ar(Serial.LPC1768.o)
                0x000110dc                mbed::Serial::get_rpc_methods()

i._ZN4mbed6Serial4baudEi
                0x000110e4        0x6
 i._ZN4mbed6Serial4baudEi
                0x000110e4        0x6 ../../external/mbed/LPC1768/mbed.ar(Serial.LPC1768.o)
                0x000110e4                mbed::Serial::baud(int)

i._ZN4mbed6Serial5_getcEv
                0x000110ea        0x6
 i._ZN4mbed6Serial5_getcEv
                0x000110ea        0x6 ../../external/mbed/LPC1768/mbed.ar(Serial.LPC1768.o)
                0x000110ea                mbed::Serial::_getc()

i._ZN4mbed6Serial5_putcEi
                0x000110f0        0xe
 i._ZN4mbed6Serial5_putcEi
                0x000110f0        0xe ../../external/mbed/LPC1768/mbed.ar(Serial.LPC1768.o)
                0x000110f0                mbed::Serial::_putc(int)

i._ZN4mbed6Serial8readableEv
                0x000110fe        0x6
 i._ZN4mbed6Serial8readableEv
                0x000110fe        0x6 ../../external/mbed/LPC1768/mbed.ar(Serial.LPC1768.o)
                0x000110fe                mbed::Serial::readable()

i._ZN4mbed6Serial9writeableEv
                0x00011104        0x6
 i._ZN4mbed6Serial9writeableEv
                0x00011104        0x6 ../../external/mbed/LPC1768/mbed.ar(Serial.LPC1768.o)
                0x00011104                mbed::Serial::writeable()

i._ZN4mbed6SerialC1E7PinNameS1_PKc
                0x0001110c       0x90
 i._ZN4mbed6SerialC1E7PinNameS1_PKc
                0x0001110c       0x90 ../../external/mbed/LPC1768/mbed.ar(Serial.LPC1768.o)
                0x0001110c                mbed::Serial::Serial(PinName, PinName, char const*)
                0x0001110c                mbed::Serial::Serial(PinName, PinName, char const*)

i._ZN4mbed6SerialD1Ev
                0x0001119c        0x4
 i._ZN4mbed6SerialD1Ev
                0x0001119c        0x4 ../../external/mbed/LPC1768/mbed.ar(Serial.LPC1768.o)
                0x0001119c                mbed::Serial::~Serial()
                0x0001119c                mbed::Serial::~Serial()

t._ZN4mbed17rpc_method_callerINS_6SerialEiXadL_ZNS1_4baudEiEEEEvPNS_4BaseEPKcPc
                0x000111a0       0x78
 t._ZN4mbed17rpc_method_callerINS_6SerialEiXadL_ZNS1_4baudEiEEEEvPNS_4BaseEPKcPc
                0x000111a0       0x78 ../../external/mbed/LPC1768/mbed.ar(Serial.LPC1768.o)
                0x000111a0                void mbed::rpc_method_caller<mbed::Serial, int, &(mbed::Serial::baud(int))>(mbed::Base*, char const*, char*)

t._ZN4mbed17rpc_method_callerIiNS_6SerialEXadL_ZNS1_8readableEvEEEEvPNS_4BaseEPKcPc
                0x00011218       0x38
 t._ZN4mbed17rpc_method_callerIiNS_6SerialEXadL_ZNS1_8readableEvEEEEvPNS_4BaseEPKcPc
                0x00011218       0x38 ../../external/mbed/LPC1768/mbed.ar(Serial.LPC1768.o)
                0x00011218                void mbed::rpc_method_caller<int, mbed::Serial, &(mbed::Serial::readable())>(mbed::Base*, char const*, char*)

t._ZN4mbed17rpc_method_callerIiNS_6SerialEXadL_ZNS1_9writeableEvEEEEvPNS_4BaseEPKcPc
                0x00011250       0x38
 t._ZN4mbed17rpc_method_callerIiNS_6SerialEXadL_ZNS1_9writeableEvEEEEvPNS_4BaseEPKcPc
                0x00011250       0x38 ../../external/mbed/LPC1768/mbed.ar(Serial.LPC1768.o)
                0x00011250                void mbed::rpc_method_caller<int, mbed::Serial, &(mbed::Serial::writeable())>(mbed::Base*, char const*, char*)

t._ZN4mbed9rpc_superINS_6StreamEEEPKNS_10rpc_methodEPNS_4BaseE
                0x00011288        0x4
 t._ZN4mbed9rpc_superINS_6StreamEEEPKNS_10rpc_methodEPNS_4BaseE
                0x00011288        0x4 ../../external/mbed/LPC1768/mbed.ar(Serial.LPC1768.o)
                0x00011288                mbed::rpc_method const* mbed::rpc_super<mbed::Stream>(mbed::Base*)

i._ZN4mbed6SerialD0Ev
                0x0001128c        0xe
 i._ZN4mbed6SerialD0Ev
                0x0001128c        0xe ../../external/mbed/LPC1768/mbed.ar(Serial.LPC1768.o)
                0x0001128c                mbed::Serial::~Serial()

i._ZN4mbed10TimerEvent3irqEv
                0x0001129c       0x5c
 i._ZN4mbed10TimerEvent3irqEv
                0x0001129c       0x5c ../../external/mbed/LPC1768/mbed.ar(TimerEvent.LPC1768.o)
                0x0001129c                mbed::TimerEvent::irq()

i._ZN4mbed10TimerEvent6insertEj
                0x000112f8       0x4c
 i._ZN4mbed10TimerEvent6insertEj
                0x000112f8       0x4c ../../external/mbed/LPC1768/mbed.ar(TimerEvent.LPC1768.o)
                0x000112f8                mbed::TimerEvent::insert(unsigned int)

i._ZN4mbed10TimerEvent6removeEv
                0x00011344       0x40
 i._ZN4mbed10TimerEvent6removeEv
                0x00011344       0x40 ../../external/mbed/LPC1768/mbed.ar(TimerEvent.LPC1768.o)
                0x00011344                mbed::TimerEvent::remove()

i._ZN4mbed10TimerEvent9timestampEv
                0x00011384        0x4
 i._ZN4mbed10TimerEvent9timestampEv
                0x00011384        0x4 ../../external/mbed/LPC1768/mbed.ar(TimerEvent.LPC1768.o)
                0x00011384                mbed::TimerEvent::timestamp()

i._ZN4mbed10TimerEventC2Ev
                0x00011388       0x28
 i._ZN4mbed10TimerEventC2Ev
                0x00011388       0x28 ../../external/mbed/LPC1768/mbed.ar(TimerEvent.LPC1768.o)
                0x00011388                mbed::TimerEvent::TimerEvent()

i._ZN4mbed10TimerEventD0Ev
                0x000113b0       0x48
 i._ZN4mbed10TimerEventD0Ev
                0x000113b0       0x48 ../../external/mbed/LPC1768/mbed.ar(TimerEvent.LPC1768.o)
                0x000113b0                mbed::TimerEvent::~TimerEvent()

i._ZN4mbed10TimerEventD2Ev
                0x000113f8       0x48
 i._ZN4mbed10TimerEventD2Ev
                0x000113f8       0x48 ../../external/mbed/LPC1768/mbed.ar(TimerEvent.LPC1768.o)
                0x000113f8                mbed::TimerEvent::~TimerEvent()
                0x000113f8                mbed::TimerEvent::~TimerEvent()

i._ZN4mbed6Stream15get_rpc_methodsEv
                0x00011440        0x8
 i._ZN4mbed6Stream15get_rpc_methodsEv
                0x00011440        0x8 ../../external/mbed/LPC1768/mbed.ar(Stream.LPC1768.o)
                0x00011440                mbed::Stream::get_rpc_methods()

i._ZN4mbed6Stream4flenEv
                0x00011448        0x4
 i._ZN4mbed6Stream4flenEv
                0x00011448        0x4 ../../external/mbed/LPC1768/mbed.ar(Stream.LPC1768.o)
                0x00011448                mbed::Stream::flen()

i._ZN4mbed6Stream4readEPvj
                0x0001144c       0x2a
 i._ZN4mbed6Stream4readEPvj
                0x0001144c       0x2a ../../external/mbed/LPC1768/mbed.ar(Stream.LPC1768.o)
                0x0001144c                mbed::Stream::read(void*, unsigned int)

i._ZN4mbed6Stream5closeEv
                0x00011476        0x4
 i._ZN4mbed6Stream5closeEv
                0x00011476        0x4 ../../external/mbed/LPC1768/mbed.ar(Stream.LPC1768.o)
                0x00011476                mbed::Stream::close()

i._ZN4mbed6Stream5fsyncEv
                0x0001147a        0x4
 i._ZN4mbed6Stream5fsyncEv
                0x0001147a        0x4 ../../external/mbed/LPC1768/mbed.ar(Stream.LPC1768.o)
                0x0001147a                mbed::Stream::fsync()

i._ZN4mbed6Stream5lseekEli
                0x0001147e        0x4
 i._ZN4mbed6Stream5lseekEli
                0x0001147e        0x4 ../../external/mbed/LPC1768/mbed.ar(Stream.LPC1768.o)
                0x0001147e                mbed::Stream::lseek(long, int)

i._ZN4mbed6Stream5writeEPKvj
                0x00011482       0x2a
 i._ZN4mbed6Stream5writeEPKvj
                0x00011482       0x2a ../../external/mbed/LPC1768/mbed.ar(Stream.LPC1768.o)
                0x00011482                mbed::Stream::write(void const*, unsigned int)

i._ZN4mbed6Stream6isattyEv
                0x000114ac        0x4
 i._ZN4mbed6Stream6isattyEv
                0x000114ac        0x4 ../../external/mbed/LPC1768/mbed.ar(Stream.LPC1768.o)
                0x000114ac                mbed::Stream::isatty()

i._ZN4mbed6Stream6printfEPKcz
                0x000114b0       0x1e
 i._ZN4mbed6Stream6printfEPKcz
                0x000114b0       0x1e ../../external/mbed/LPC1768/mbed.ar(Stream.LPC1768.o)
                0x000114b0                mbed::Stream::printf(char const*, ...)

i._ZN4mbed6StreamC2EPKc
                0x000114d0       0x40
 i._ZN4mbed6StreamC2EPKc
                0x000114d0       0x40 ../../external/mbed/LPC1768/mbed.ar(Stream.LPC1768.o)
                0x000114d0                mbed::Stream::Stream(char const*)

i._ZN4mbed6StreamD0Ev
                0x00011510       0x24
 i._ZN4mbed6StreamD0Ev
                0x00011510       0x24 ../../external/mbed/LPC1768/mbed.ar(Stream.LPC1768.o)
                0x00011510                mbed::Stream::~Stream()

i._ZN4mbed6StreamD2Ev
                0x00011534       0x20
 i._ZN4mbed6StreamD2Ev
                0x00011534       0x20 ../../external/mbed/LPC1768/mbed.ar(Stream.LPC1768.o)
                0x00011534                mbed::Stream::~Stream()
                0x00011534                mbed::Stream::~Stream()

i._ZThn16_N4mbed6Stream4flenEv
                0x00011554        0x4
 i._ZThn16_N4mbed6Stream4flenEv
                0x00011554        0x4 ../../external/mbed/LPC1768/mbed.ar(Stream.LPC1768.o)
                0x00011554                non-virtual thunk to mbed::Stream::flen()

i._ZThn16_N4mbed6Stream4readEPvj
                0x00011558       0x2c
 i._ZThn16_N4mbed6Stream4readEPvj
                0x00011558       0x2c ../../external/mbed/LPC1768/mbed.ar(Stream.LPC1768.o)
                0x00011558                non-virtual thunk to mbed::Stream::read(void*, unsigned int)

i._ZThn16_N4mbed6Stream5closeEv
                0x00011584        0x4
 i._ZThn16_N4mbed6Stream5closeEv
                0x00011584        0x4 ../../external/mbed/LPC1768/mbed.ar(Stream.LPC1768.o)
                0x00011584                non-virtual thunk to mbed::Stream::close()

i._ZThn16_N4mbed6Stream5fsyncEv
                0x00011588        0x4
 i._ZThn16_N4mbed6Stream5fsyncEv
                0x00011588        0x4 ../../external/mbed/LPC1768/mbed.ar(Stream.LPC1768.o)
                0x00011588                non-virtual thunk to mbed::Stream::fsync()

i._ZThn16_N4mbed6Stream5lseekEli
                0x0001158c        0x4
 i._ZThn16_N4mbed6Stream5lseekEli
                0x0001158c        0x4 ../../external/mbed/LPC1768/mbed.ar(Stream.LPC1768.o)
                0x0001158c                non-virtual thunk to mbed::Stream::lseek(long, int)

i._ZThn16_N4mbed6Stream5writeEPKvj
                0x00011590       0x2c
 i._ZThn16_N4mbed6Stream5writeEPKvj
                0x00011590       0x2c ../../external/mbed/LPC1768/mbed.ar(Stream.LPC1768.o)
                0x00011590                non-virtual thunk to mbed::Stream::write(void const*, unsigned int)

i._ZThn16_N4mbed6Stream6isattyEv
                0x000115bc        0x4
 i._ZThn16_N4mbed6Stream6isattyEv
                0x000115bc        0x4 ../../external/mbed/LPC1768/mbed.ar(Stream.LPC1768.o)
                0x000115bc                non-virtual thunk to mbed::Stream::isatty()

t._ZN4mbed17rpc_method_callerIiNS_6StreamEiXadL_ZNS1_4putcEiEEEEvPNS_4BaseEPKcPc
                0x000115c0       0x84
 t._ZN4mbed17rpc_method_callerIiNS_6StreamEiXadL_ZNS1_4putcEiEEEEvPNS_4BaseEPKcPc
                0x000115c0       0x84 ../../external/mbed/LPC1768/mbed.ar(Stream.LPC1768.o)
                0x000115c0                void mbed::rpc_method_caller<int, mbed::Stream, int, &(mbed::Stream::putc(int))>(mbed::Base*, char const*, char*)

t._ZN4mbed17rpc_method_callerIiNS_6StreamEXadL_ZNS1_4getcEvEEEEvPNS_4BaseEPKcPc
                0x00011644       0x38
 t._ZN4mbed17rpc_method_callerIiNS_6StreamEXadL_ZNS1_4getcEvEEEEvPNS_4BaseEPKcPc
                0x00011644       0x38 ../../external/mbed/LPC1768/mbed.ar(Stream.LPC1768.o)
                0x00011644                void mbed::rpc_method_caller<int, mbed::Stream, &(mbed::Stream::getc())>(mbed::Base*, char const*, char*)

t._ZN4mbed17rpc_method_callerIiNS_6StreamEPKcXadL_ZNS1_4putsES3_EEEEvPNS_4BaseES3_Pc
                0x0001167c      0x17c
 t._ZN4mbed17rpc_method_callerIiNS_6StreamEPKcXadL_ZNS1_4putsES3_EEEEvPNS_4BaseES3_Pc
                0x0001167c      0x17c ../../external/mbed/LPC1768/mbed.ar(Stream.LPC1768.o)
                0x0001167c                void mbed::rpc_method_caller<int, mbed::Stream, char const*, &(mbed::Stream::puts(char const*))>(mbed::Base*, char const*, char*)

i._ZN4mbed6Stream4putcEi
                0x000117f8       0x18
 i._ZN4mbed6Stream4putcEi
                0x000117f8       0x18 ../../external/mbed/LPC1768/mbed.ar(Stream.LPC1768.o)
                0x000117f8                mbed::Stream::putc(int)

i._ZN4mbed6Stream4putsEPKc
                0x00011810       0x18
 i._ZN4mbed6Stream4putsEPKc
                0x00011810       0x18 ../../external/mbed/LPC1768/mbed.ar(Stream.LPC1768.o)
                0x00011810                mbed::Stream::puts(char const*)

i._ZN4mbed6Stream4getcEv
                0x00011828       0x14
 i._ZN4mbed6Stream4getcEv
                0x00011828       0x14 ../../external/mbed/LPC1768/mbed.ar(Stream.LPC1768.o)
                0x00011828                mbed::Stream::getc()

i.NVIC_SetVector
                0x0001183c       0x38
 i.NVIC_SetVector
                0x0001183c       0x38 ../../external/mbed/LPC1768/capi.ar(cmsis_nvic.LPC1768.o)
                0x0001183c                NVIC_SetVector

.emb_text       0x00011874       0x20
 .emb_text      0x00011874       0x20 ../../external/mbed/LPC1768/capi.ar(core_cm3.LPC1768.o)
                0x00011874                __get_PSP
                0x0001187a                __set_PSP
                0x00011880                __get_MSP
                0x00011886                __set_MSP
                0x0001188c                __REV16
                0x00011890                __REVSH

i.serial_baud   0x00011894      0x1c8
 i.serial_baud  0x00011894      0x1c8 ../../external/mbed/LPC1768/capi.ar(serial_api.LPC1768.o)
                0x00011894                serial_baud

i.serial_format
                0x00011a5c       0x94
 i.serial_format
                0x00011a5c       0x94 ../../external/mbed/LPC1768/capi.ar(serial_api.LPC1768.o)
                0x00011a5c                serial_format

i.serial_getc   0x00011af0        0xc
 i.serial_getc  0x00011af0        0xc ../../external/mbed/LPC1768/capi.ar(serial_api.LPC1768.o)
                0x00011af0                serial_getc

i.serial_init   0x00011afc       0xe4
 i.serial_init  0x00011afc       0xe4 ../../external/mbed/LPC1768/capi.ar(serial_api.LPC1768.o)
                0x00011afc                serial_init

i.serial_putc   0x00011be0        0xc
 i.serial_putc  0x00011be0        0xc ../../external/mbed/LPC1768/capi.ar(serial_api.LPC1768.o)
                0x00011be0                serial_putc

i.serial_readable
                0x00011bec        0x8
 i.serial_readable
                0x00011bec        0x8 ../../external/mbed/LPC1768/capi.ar(serial_api.LPC1768.o)
                0x00011bec                serial_readable

i.serial_writable
                0x00011bf4        0x8
 i.serial_writable
                0x00011bf4        0x8 ../../external/mbed/LPC1768/capi.ar(serial_api.LPC1768.o)
                0x00011bf4                serial_writable

i.exit          0x00011bfc       0x16
 i.exit         0x00011bfc       0x16 ../../external/mbed/LPC1768/capi.ar(exit.LPC1768.o)
                0x00011bfc                exit

i.pin_function  0x00011c14       0x38
 i.pin_function
                0x00011c14       0x38 ../../external/mbed/LPC1768/capi.ar(pinmap.LPC1768.o)
                0x00011c14                pin_function

i.pin_mode      0x00011c4c       0x68
 i.pin_mode     0x00011c4c       0x68 ../../external/mbed/LPC1768/capi.ar(pinmap.LPC1768.o)